C:\ST\STM32CubeIDE_1.13.1\STM32CubeIDE\plugins\com.st.stm32cube.ide.mcu.externaltools.gnu-tools-for-stm32.11.3.rel1.win32_1.1.0.202305231506\tools\arm-none-eabi\include\c++\11.3.1\arm-none-eabi\thumb\v7e-m+fp\hard\bits\gthr-default.h:229:1:int __gthread_key_delete(__gthread_key_t)	16	static
C:\ST\STM32CubeIDE_1.13.1\STM32CubeIDE\plugins\com.st.stm32cube.ide.mcu.externaltools.gnu-tools-for-stm32.11.3.rel1.win32_1.1.0.202305231506\tools\bin/../lib/gcc/arm-none-eabi/11.3.1/../../../../arm-none-eabi/include/c++/11.3.1/bits/std_function.h:241:5:std::_Function_base::~_Function_base()	16	static
C:\ST\STM32CubeIDE_1.13.1\STM32CubeIDE\plugins\com.st.stm32cube.ide.mcu.externaltools.gnu-tools-for-stm32.11.3.rel1.win32_1.1.0.202305231506\tools\bin/../lib/gcc/arm-none-eabi/11.3.1/../../../../arm-none-eabi/include/c++/11.3.1/bits/std_function.h:334:11:std::function<void()>::~function()	16	static
C:\ST\STM32CubeIDE_1.13.1\STM32CubeIDE\plugins\com.st.stm32cube.ide.mcu.externaltools.gnu-tools-for-stm32.11.3.rel1.win32_1.1.0.202305231506\tools\bin/../lib/gcc/arm-none-eabi/11.3.1/../../../../arm-none-eabi/include/c++/11.3.1/bits/std_function.h:334:11:std::function<void(SX128x::IrqErrorCode_t)>::~function()	16	static
C:\ST\STM32CubeIDE_1.13.1\STM32CubeIDE\plugins\com.st.stm32cube.ide.mcu.externaltools.gnu-tools-for-stm32.11.3.rel1.win32_1.1.0.202305231506\tools\bin/../lib/gcc/arm-none-eabi/11.3.1/../../../../arm-none-eabi/include/c++/11.3.1/bits/std_function.h:334:11:std::function<void(SX128x::IrqRangingCode_t)>::~function()	16	static
C:\ST\STM32CubeIDE_1.13.1\STM32CubeIDE\plugins\com.st.stm32cube.ide.mcu.externaltools.gnu-tools-for-stm32.11.3.rel1.win32_1.1.0.202305231506\tools\bin/../lib/gcc/arm-none-eabi/11.3.1/../../../../arm-none-eabi/include/c++/11.3.1/bits/std_function.h:334:11:std::function<void(bool)>::~function()	16	static
../Core/Inc/SX128x.hpp:1071:9:SX128x::<unnamed struct>::<constructor>()	16	static
../Core/Inc/SX128x.hpp:1071:9:SX128x::<unnamed struct>::~<constructor>()	16	static
../Core/Inc/SX128x.hpp:1129:2:SX128x::SX128x()	16	static
../Core/Inc/SX128x.hpp:1131:10:SX128x::~SX128x()	16	static
../Core/Inc/SX128x.hpp:1131:10:virtual SX128x::~SX128x()	16	static
../Core/Inc/SX128x_formal_board.h:6:7:SX128x_formal_board::SX128x_formal_board()	16	static
../Core/Src/main.cpp:64:13:void SPI1_TRANSCEIVER(uint8_t*, uint8_t*, uint8_t)	48	static
../Core/Src/main.cpp:89:5:int main()	200	static
../Core/Src/main.cpp:248:6:void SystemClock_Config()	88	static
../Core/Src/main.cpp:303:13:void MX_I2C2_Init()	8	static
../Core/Src/main.cpp:337:13:void MX_SPI2_Init()	8	static
../Core/Src/main.cpp:375:13:void MX_TIM1_Init()	32	static
../Core/Src/main.cpp:421:13:void MX_USART2_UART_Init()	8	static
../Core/Src/main.cpp:454:13:void MX_GPIO_Init()	48	static
../Core/Src/main.cpp:498:6:void HAL_Delay(uint32_t)	24	static
../Core/Src/main.cpp:517:6:void Error_Handler()	8	static,ignoring_inline_asm
C:\ST\STM32CubeIDE_1.13.1\STM32CubeIDE\plugins\com.st.stm32cube.ide.mcu.externaltools.gnu-tools-for-stm32.11.3.rel1.win32_1.1.0.202305231506\tools\bin/../lib/gcc/arm-none-eabi/11.3.1/../../../../arm-none-eabi/include/c++/11.3.1/bits/std_function.h:239:5:constexpr std::_Function_base::_Function_base()	16	static
C:\ST\STM32CubeIDE_1.13.1\STM32CubeIDE\plugins\com.st.stm32cube.ide.mcu.externaltools.gnu-tools-for-stm32.11.3.rel1.win32_1.1.0.202305231506\tools\bin/../lib/gcc/arm-none-eabi/11.3.1/../../../../arm-none-eabi/include/c++/11.3.1/bits/std_function.h:368:7:)>::function() [with _Res = void; _ArgTypes = {}]	16	static
C:\ST\STM32CubeIDE_1.13.1\STM32CubeIDE\plugins\com.st.stm32cube.ide.mcu.externaltools.gnu-tools-for-stm32.11.3.rel1.win32_1.1.0.202305231506\tools\bin/../lib/gcc/arm-none-eabi/11.3.1/../../../../arm-none-eabi/include/c++/11.3.1/bits/std_function.h:368:7:)>::function() [with _Res = void; _ArgTypes = {SX128x::IrqErrorCode_t}]	16	static
C:\ST\STM32CubeIDE_1.13.1\STM32CubeIDE\plugins\com.st.stm32cube.ide.mcu.externaltools.gnu-tools-for-stm32.11.3.rel1.win32_1.1.0.202305231506\tools\bin/../lib/gcc/arm-none-eabi/11.3.1/../../../../arm-none-eabi/include/c++/11.3.1/bits/std_function.h:368:7:)>::function() [with _Res = void; _ArgTypes = {SX128x::IrqRangingCode_t}]	16	static
C:\ST\STM32CubeIDE_1.13.1\STM32CubeIDE\plugins\com.st.stm32cube.ide.mcu.externaltools.gnu-tools-for-stm32.11.3.rel1.win32_1.1.0.202305231506\tools\bin/../lib/gcc/arm-none-eabi/11.3.1/../../../../arm-none-eabi/include/c++/11.3.1/bits/std_function.h:368:7:)>::function() [with _Res = void; _ArgTypes = {bool}]	16	static
../Core/Inc/SX128x_formal_board.h:6:7:SX128x_formal_board::~SX128x_formal_board()	16	static
../Core/Inc/SX128x_formal_board.h:6:7:virtual SX128x_formal_board::~SX128x_formal_board()	16	static
../Core/Src/main.cpp:528:1:void __static_initialization_and_destruction_0(int, int)	16	static
../Core/Src/main.cpp:528:1:cpp)	8	static
../Core/Src/main.cpp:528:1:cpp)	8	static
