C:\ST\STM32CubeIDE_1.13.0\STM32CubeIDE\plugins\com.st.stm32cube.ide.mcu.externaltools.gnu-tools-for-stm32.11.3.rel1.win32_1.1.0.202305231506\tools\bin/../lib/gcc/arm-none-eabi/11.3.1/../../../../arm-none-eabi/include/c++/11.3.1/bits/std_function.h:241:5:std::_Function_base::~_Function_base()	8	static
../Core/Src/main.cpp:184:6:void SystemClock_Config()	96	static,ignoring_inline_asm
../Core/Src/main.cpp:75:5:int main()	176	static,ignoring_inline_asm
../Core/Src/main.cpp:467:6:void Error_Handler()	0	static,ignoring_inline_asm
../Core/Src/main.cpp:476:1:cpp)	0	static
../Core/Src/main.cpp:476:1:cpp)	8	static
