../Core/Src/SX128x_formal_board.cpp:7:6:void SX128x_formal_board::CommonTransceiverSetting()	8	static
../Core/Src/SX128x_formal_board.cpp:17:6:void SX128x_formal_board::TxSetting()	24	static
../Core/Src/SX128x_formal_board.cpp:24:9:uint8_t SX128x_formal_board::TxBlocking(uint8_t*, uint8_t)	32	static
../Core/Src/SX128x_formal_board.cpp:64:9:uint8_t SX128x_formal_board::Init()	16	static
../Core/Src/SX128x_formal_board.cpp:103:9:uint8_t SX128x_formal_board::PutPacket(uint8_t*)	24	static
../Core/Src/SX128x_formal_board.cpp:137:6:void SX128x_formal_board::tx_recursion()	24	static
C:\ST\STM32CubeIDE_1.13.1\STM32CubeIDE\plugins\com.st.stm32cube.ide.mcu.externaltools.gnu-tools-for-stm32.11.3.rel1.win32_1.1.0.202305231506\tools\bin/../lib/gcc/arm-none-eabi/11.3.1/../../../../arm-none-eabi/include/c++/11.3.1/bits/std_function.h:368:7:)>::function() [with _Res = void; _ArgTypes = {}]	0	static
../Core/Inc/SX128x.hpp:1056:9:SX128x::<unnamed struct>::<constructor>()	8	static
../Core/Src/SX128x_formal_board.cpp:85:1:SX128x_formal_board::SX128x_formal_board()	16	static
