Archive member included to satisfy reference by file (symbol)

C:/ST/STM32CubeIDE_1.13.0/STM32CubeIDE/plugins/com.st.stm32cube.ide.mcu.externaltools.gnu-tools-for-stm32.11.3.rel1.win32_1.1.0.202305231506/tools/bin/../lib/gcc/arm-none-eabi/11.3.1/../../../../arm-none-eabi/lib/thumb/v7e-m+fp/hard\libstdc++_nano.a(del_ops.o)
                              ./Core/Src/SX128x_driver.o (operator delete(void*, unsigned int))
C:/ST/STM32CubeIDE_1.13.0/STM32CubeIDE/plugins/com.st.stm32cube.ide.mcu.externaltools.gnu-tools-for-stm32.11.3.rel1.win32_1.1.0.202305231506/tools/bin/../lib/gcc/arm-none-eabi/11.3.1/../../../../arm-none-eabi/lib/thumb/v7e-m+fp/hard\libstdc++_nano.a(functional.o)
                              ./Core/Src/SX128x.o (std::__throw_bad_function_call())
C:/ST/STM32CubeIDE_1.13.0/STM32CubeIDE/plugins/com.st.stm32cube.ide.mcu.externaltools.gnu-tools-for-stm32.11.3.rel1.win32_1.1.0.202305231506/tools/bin/../lib/gcc/arm-none-eabi/11.3.1/../../../../arm-none-eabi/lib/thumb/v7e-m+fp/hard\libstdc++_nano.a(del_op.o)
                              C:/ST/STM32CubeIDE_1.13.0/STM32CubeIDE/plugins/com.st.stm32cube.ide.mcu.externaltools.gnu-tools-for-stm32.11.3.rel1.win32_1.1.0.202305231506/tools/bin/../lib/gcc/arm-none-eabi/11.3.1/../../../../arm-none-eabi/lib/thumb/v7e-m+fp/hard\libstdc++_nano.a(del_ops.o) (operator delete(void*))
C:/ST/STM32CubeIDE_1.13.0/STM32CubeIDE/plugins/com.st.stm32cube.ide.mcu.externaltools.gnu-tools-for-stm32.11.3.rel1.win32_1.1.0.202305231506/tools/bin/../lib/gcc/arm-none-eabi/11.3.1/../../../../arm-none-eabi/lib/thumb/v7e-m+fp/hard\libstdc++_nano.a(eh_exception.o)
                              C:/ST/STM32CubeIDE_1.13.0/STM32CubeIDE/plugins/com.st.stm32cube.ide.mcu.externaltools.gnu-tools-for-stm32.11.3.rel1.win32_1.1.0.202305231506/tools/bin/../lib/gcc/arm-none-eabi/11.3.1/../../../../arm-none-eabi/lib/thumb/v7e-m+fp/hard\libstdc++_nano.a(functional.o) (std::exception::~exception())
C:/ST/STM32CubeIDE_1.13.0/STM32CubeIDE/plugins/com.st.stm32cube.ide.mcu.externaltools.gnu-tools-for-stm32.11.3.rel1.win32_1.1.0.202305231506/tools/bin/../lib/gcc/arm-none-eabi/11.3.1/../../../../arm-none-eabi/lib/thumb/v7e-m+fp/hard\libstdc++_nano.a(si_class_type_info.o)
                              C:/ST/STM32CubeIDE_1.13.0/STM32CubeIDE/plugins/com.st.stm32cube.ide.mcu.externaltools.gnu-tools-for-stm32.11.3.rel1.win32_1.1.0.202305231506/tools/bin/../lib/gcc/arm-none-eabi/11.3.1/../../../../arm-none-eabi/lib/thumb/v7e-m+fp/hard\libstdc++_nano.a(functional.o) (vtable for __cxxabiv1::__si_class_type_info)
C:/ST/STM32CubeIDE_1.13.0/STM32CubeIDE/plugins/com.st.stm32cube.ide.mcu.externaltools.gnu-tools-for-stm32.11.3.rel1.win32_1.1.0.202305231506/tools/bin/../lib/gcc/arm-none-eabi/11.3.1/../../../../arm-none-eabi/lib/thumb/v7e-m+fp/hard\libstdc++_nano.a(tinfo.o)
                              C:/ST/STM32CubeIDE_1.13.0/STM32CubeIDE/plugins/com.st.stm32cube.ide.mcu.externaltools.gnu-tools-for-stm32.11.3.rel1.win32_1.1.0.202305231506/tools/bin/../lib/gcc/arm-none-eabi/11.3.1/../../../../arm-none-eabi/lib/thumb/v7e-m+fp/hard\libstdc++_nano.a(si_class_type_info.o) (std::type_info::__is_pointer_p() const)
C:/ST/STM32CubeIDE_1.13.0/STM32CubeIDE/plugins/com.st.stm32cube.ide.mcu.externaltools.gnu-tools-for-stm32.11.3.rel1.win32_1.1.0.202305231506/tools/bin/../lib/gcc/arm-none-eabi/11.3.1/../../../../arm-none-eabi/lib/thumb/v7e-m+fp/hard\libstdc++_nano.a(class_type_info.o)
                              C:/ST/STM32CubeIDE_1.13.0/STM32CubeIDE/plugins/com.st.stm32cube.ide.mcu.externaltools.gnu-tools-for-stm32.11.3.rel1.win32_1.1.0.202305231506/tools/bin/../lib/gcc/arm-none-eabi/11.3.1/../../../../arm-none-eabi/lib/thumb/v7e-m+fp/hard\libstdc++_nano.a(si_class_type_info.o) (__cxxabiv1::__class_type_info::__do_upcast(__cxxabiv1::__class_type_info const*, void**) const)
C:/ST/STM32CubeIDE_1.13.0/STM32CubeIDE/plugins/com.st.stm32cube.ide.mcu.externaltools.gnu-tools-for-stm32.11.3.rel1.win32_1.1.0.202305231506/tools/bin/../lib/gcc/arm-none-eabi/11.3.1/../../../../arm-none-eabi/lib/thumb/v7e-m+fp/hard\libc_nano.a(libc_a-abort.o)
                              C:/ST/STM32CubeIDE_1.13.0/STM32CubeIDE/plugins/com.st.stm32cube.ide.mcu.externaltools.gnu-tools-for-stm32.11.3.rel1.win32_1.1.0.202305231506/tools/bin/../lib/gcc/arm-none-eabi/11.3.1/../../../../arm-none-eabi/lib/thumb/v7e-m+fp/hard\libstdc++_nano.a(functional.o) (abort)
C:/ST/STM32CubeIDE_1.13.0/STM32CubeIDE/plugins/com.st.stm32cube.ide.mcu.externaltools.gnu-tools-for-stm32.11.3.rel1.win32_1.1.0.202305231506/tools/bin/../lib/gcc/arm-none-eabi/11.3.1/../../../../arm-none-eabi/lib/thumb/v7e-m+fp/hard\libc_nano.a(libc_a-exit.o)
                              C:/ST/STM32CubeIDE_1.13.0/STM32CubeIDE/plugins/com.st.stm32cube.ide.mcu.externaltools.gnu-tools-for-stm32.11.3.rel1.win32_1.1.0.202305231506/tools/bin/../lib/gcc/arm-none-eabi/11.3.1/../../../../arm-none-eabi/lib/thumb/v7e-m+fp/hard/crt0.o (exit)
[...]
Memory Configuration

Name             Origin             Length             Attributes
RAM              0x0000000020000000 0x0000000000018000 xrw
RAM2             0x0000000010000000 0x0000000000008000 xrw
FLASH            0x0000000008000000 0x0000000000100000 xr
*default*        0x0000000000000000 0xffffffffffffffff

Linker script and memory map

LOAD C:/ST/STM32CubeIDE_1.13.0/STM32CubeIDE/plugins/com.st.stm32cube.ide.mcu.externaltools.gnu-tools-for-stm32.11.3.rel1.win32_1.1.0.202305231506/tools/bin/../lib/gcc/arm-none-eabi/11.3.1/thumb/v7e-m+fp/hard/crti.o
LOAD C:/ST/STM32CubeIDE_1.13.0/STM32CubeIDE/plugins/com.st.stm32cube.ide.mcu.externaltools.gnu-tools-for-stm32.11.3.rel1.win32_1.1.0.202305231506/tools/bin/../lib/gcc/arm-none-eabi/11.3.1/thumb/v7e-m+fp/hard/crtbegin.o
LOAD C:/ST/STM32CubeIDE_1.13.0/STM32CubeIDE/plugins/com.st.stm32cube.ide.mcu.externaltools.gnu-tools-for-stm32.11.3.rel1.win32_1.1.0.202305231506/tools/bin/../lib/gcc/arm-none-eabi/11.3.1/../../../../arm-none-eabi/lib/thumb/v7e-m+fp/hard/crt0.o
LOAD ./Core/Src/SX128x.o
LOAD ./Core/Src/SX128x_OBJ.o
LOAD ./Core/Src/SX128x_driver.o
LOAD ./Core/Src/main.o
LOAD ./Core/Src/stm32l4xx_hal_msp.o
LOAD ./Core/Src/stm32l4xx_it.o
LOAD ./Core/Src/syscalls.o
LOAD ./Core/Src/sysmem.o
LOAD ./Core/Src/system_stm32l4xx.o
LOAD ./Core/Startup/startup_stm32l476rgtx.o
LOAD ./Drivers/STM32L4xx_HAL_Driver/Src/stm32l4xx_hal.o
LOAD ./Drivers/STM32L4xx_HAL_Driver/Src/stm32l4xx_hal_cortex.o
LOAD ./Drivers/STM32L4xx_HAL_Driver/Src/stm32l4xx_hal_dma.o
LOAD ./Drivers/STM32L4xx_HAL_Driver/Src/stm32l4xx_hal_dma_ex.o
LOAD ./Drivers/STM32L4xx_HAL_Driver/Src/stm32l4xx_hal_exti.o
LOAD ./Drivers/STM32L4xx_HAL_Driver/Src/stm32l4xx_hal_flash.o
LOAD ./Drivers/STM32L4xx_HAL_Driver/Src/stm32l4xx_hal_flash_ex.o
LOAD ./Drivers/STM32L4xx_HAL_Driver/Src/stm32l4xx_hal_flash_ramfunc.o
LOAD ./Drivers/STM32L4xx_HAL_Driver/Src/stm32l4xx_hal_gpio.o
LOAD ./Drivers/STM32L4xx_HAL_Driver/Src/stm32l4xx_hal_pwr.o
LOAD ./Drivers/STM32L4xx_HAL_Driver/Src/stm32l4xx_hal_pwr_ex.o
LOAD ./Drivers/STM32L4xx_HAL_Driver/Src/stm32l4xx_hal_rcc.o
LOAD ./Drivers/STM32L4xx_HAL_Driver/Src/stm32l4xx_hal_rcc_ex.o
LOAD ./Drivers/STM32L4xx_HAL_Driver/Src/stm32l4xx_hal_spi.o
LOAD ./Drivers/STM32L4xx_HAL_Driver/Src/stm32l4xx_hal_spi_ex.o
LOAD ./Drivers/STM32L4xx_HAL_Driver/Src/stm32l4xx_hal_tim.o
LOAD ./Drivers/STM32L4xx_HAL_Driver/Src/stm32l4xx_hal_tim_ex.o
LOAD ./Drivers/STM32L4xx_HAL_Driver/Src/stm32l4xx_hal_uart.o
LOAD ./Drivers/STM32L4xx_HAL_Driver/Src/stm32l4xx_hal_uart_ex.o
START GROUP
LOAD C:/ST/STM32CubeIDE_1.13.0/STM32CubeIDE/plugins/com.st.stm32cube.ide.mcu.externaltools.gnu-tools-for-stm32.11.3.rel1.win32_1.1.0.202305231506/tools/bin/../lib/gcc/arm-none-eabi/11.3.1/../../../../arm-none-eabi/lib/thumb/v7e-m+fp/hard\libstdc++_nano.a
LOAD C:/ST/STM32CubeIDE_1.13.0/STM32CubeIDE/plugins/com.st.stm32cube.ide.mcu.externaltools.gnu-tools-for-stm32.11.3.rel1.win32_1.1.0.202305231506/tools/bin/../lib/gcc/arm-none-eabi/11.3.1/../../../../arm-none-eabi/lib/thumb/v7e-m+fp/hard\libsupc++_nano.a
END GROUP
LOAD C:/ST/STM32CubeIDE_1.13.0/STM32CubeIDE/plugins/com.st.stm32cube.ide.mcu.externaltools.gnu-tools-for-stm32.11.3.rel1.win32_1.1.0.202305231506/tools/bin/../lib/gcc/arm-none-eabi/11.3.1/../../../../arm-none-eabi/lib/thumb/v7e-m+fp/hard\libstdc++_nano.a
LOAD C:/ST/STM32CubeIDE_1.13.0/STM32CubeIDE/plugins/com.st.stm32cube.ide.mcu.externaltools.gnu-tools-for-stm32.11.3.rel1.win32_1.1.0.202305231506/tools/bin/../lib/gcc/arm-none-eabi/11.3.1/../../../../arm-none-eabi/lib/thumb/v7e-m+fp/hard\libm.a
LOAD C:/ST/STM32CubeIDE_1.13.0/STM32CubeIDE/plugins/com.st.stm32cube.ide.mcu.externaltools.gnu-tools-for-stm32.11.3.rel1.win32_1.1.0.202305231506/tools/bin/../lib/gcc/arm-none-eabi/11.3.1/../../../../arm-none-eabi/lib/thumb/v7e-m+fp/hard\libc_nano.a
START GROUP
LOAD C:/ST/STM32CubeIDE_1.13.0/STM32CubeIDE/plugins/com.st.stm32cube.ide.mcu.externaltools.gnu-tools-for-stm32.11.3.rel1.win32_1.1.0.202305231506/tools/bin/../lib/gcc/arm-none-eabi/11.3.1/thumb/v7e-m+fp/hard\libgcc.a
LOAD C:/ST/STM32CubeIDE_1.13.0/STM32CubeIDE/plugins/com.st.stm32cube.ide.mcu.externaltools.gnu-tools-for-stm32.11.3.rel1.win32_1.1.0.202305231506/tools/bin/../lib/gcc/arm-none-eabi/11.3.1/../../../../arm-none-eabi/lib/thumb/v7e-m+fp/hard\libc_nano.a
END GROUP
START GROUP
LOAD C:/ST/STM32CubeIDE_1.13.0/STM32CubeIDE/plugins/com.st.stm32cube.ide.mcu.externaltools.gnu-tools-for-stm32.11.3.rel1.win32_1.1.0.202305231506/tools/bin/../lib/gcc/arm-none-eabi/11.3.1/thumb/v7e-m+fp/hard\libgcc.a
LOAD C:/ST/STM32CubeIDE_1.13.0/STM32CubeIDE/plugins/com.st.stm32cube.ide.mcu.externaltools.gnu-tools-for-stm32.11.3.rel1.win32_1.1.0.202305231506/tools/bin/../lib/gcc/arm-none-eabi/11.3.1/../../../../arm-none-eabi/lib/thumb/v7e-m+fp/hard\libc_nano.a
LOAD C:/ST/STM32CubeIDE_1.13.0/STM32CubeIDE/plugins/com.st.stm32cube.ide.mcu.externaltools.gnu-tools-for-stm32.11.3.rel1.win32_1.1.0.202305231506/tools/bin/../lib/gcc/arm-none-eabi/11.3.1/../../../../arm-none-eabi/lib/thumb/v7e-m+fp/hard\libnosys.a
END GROUP
START GROUP
LOAD C:/ST/STM32CubeIDE_1.13.0/STM32CubeIDE/plugins/com.st.stm32cube.ide.mcu.externaltools.gnu-tools-for-stm32.11.3.rel1.win32_1.1.0.202305231506/tools/bin/../lib/gcc/arm-none-eabi/11.3.1/thumb/v7e-m+fp/hard\libgcc.a
LOAD C:/ST/STM32CubeIDE_1.13.0/STM32CubeIDE/plugins/com.st.stm32cube.ide.mcu.externaltools.gnu-tools-for-stm32.11.3.rel1.win32_1.1.0.202305231506/tools/bin/../lib/gcc/arm-none-eabi/11.3.1/../../../../arm-none-eabi/lib/thumb/v7e-m+fp/hard\libc_nano.a
LOAD C:/ST/STM32CubeIDE_1.13.0/STM32CubeIDE/plugins/com.st.stm32cube.ide.mcu.externaltools.gnu-tools-for-stm32.11.3.rel1.win32_1.1.0.202305231506/tools/bin/../lib/gcc/arm-none-eabi/11.3.1/../../../../arm-none-eabi/lib/thumb/v7e-m+fp/hard\libnosys.a
END GROUP
LOAD C:/ST/STM32CubeIDE_1.13.0/STM32CubeIDE/plugins/com.st.stm32cube.ide.mcu.externaltools.gnu-tools-for-stm32.11.3.rel1.win32_1.1.0.202305231506/tools/bin/../lib/gcc/arm-none-eabi/11.3.1/thumb/v7e-m+fp/hard/crtend.o
LOAD C:/ST/STM32CubeIDE_1.13.0/STM32CubeIDE/plugins/com.st.stm32cube.ide.mcu.externaltools.gnu-tools-for-stm32.11.3.rel1.win32_1.1.0.202305231506/tools/bin/../lib/gcc/arm-none-eabi/11.3.1/thumb/v7e-m+fp/hard/crtn.o
                0x0000000020018000                _estack = (ORIGIN (RAM) + LENGTH (RAM))
                0x0000000000000200                _Min_Heap_Size = 0x200
                0x0000000000000400                _Min_Stack_Size = 0x400

.isr_vector     0x0000000008000000      0x188
                0x0000000008000000                . = ALIGN (0x4)
 *(.isr_vector)
 .isr_vector    0x0000000008000000      0x188 ./Core/Startup/startup_stm32l476rgtx.o
                0x0000000008000000                g_pfnVectors
                0x0000000008000188                . = ALIGN (0x4)

.text           0x0000000008000190     0x65e8
                0x0000000008000190                . = ALIGN (0x4)
 *(.text)
 .text          0x0000000008000190       0x40 C:/ST/STM32CubeIDE_1.13.0/STM32CubeIDE/plugins/com.st.stm32cube.ide.mcu.externaltools.gnu-tools-for-stm32.11.3.rel1.win32_1.1.0.202305231506/tools/bin/../lib/gcc/arm-none-eabi/11.3.1/thumb/v7e-m+fp/hard/crtbegin.o
 .text          0x00000000080001d0       0xa0 C:/ST/STM32CubeIDE_1.13.0/STM32CubeIDE/plugins/com.st.stm32cube.ide.mcu.externaltools.gnu-tools-for-stm32.11.3.rel1.win32_1.1.0.202305231506/tools/bin/../lib/gcc/arm-none-eabi/11.3.1/../../../../arm-none-eabi/lib/thumb/v7e-m+fp/hard\libc_nano.a(libc_a-memchr.o)
                0x00000000080001d0                memchr
 .text          0x0000000008000270      0x378 C:/ST/STM32CubeIDE_1.13.0/STM32CubeIDE/plugins/com.st.stm32cube.ide.mcu.externaltools.gnu-tools-for-stm32.11.3.rel1.win32_1.1.0.202305231506/tools/bin/../lib/gcc/arm-none-eabi/11.3.1/thumb/v7e-m+fp/hard\libgcc.a(_arm_addsubdf3.o)
                0x0000000008000270                __aeabi_drsub
                0x0000000008000278                __aeabi_dsub
                0x0000000008000278                __subdf3
                0x000000000800027c                __aeabi_dadd
                0x000000000800027c                __adddf3
                0x00000000080004f4                __floatunsidf
                0x00000000080004f4                __aeabi_ui2d
                0x0000000008000514                __floatsidf
                0x0000000008000514                __aeabi_i2d
                0x0000000008000538                __aeabi_f2d
                0x0000000008000538                __extendsfdf2
                0x000000000800057c                __floatundidf
                0x000000000800057c                __aeabi_ul2d
                0x000000000800058c                __floatdidf
                0x000000000800058c                __aeabi_l2d
 .text          0x00000000080005e8      0x424 C:/ST/STM32CubeIDE_1.13.0/STM32CubeIDE/plugins/com.st.stm32cube.ide.mcu.externaltools.gnu-tools-for-stm32.11.3.rel1.win32_1.1.0.202305231506/tools/bin/../lib/gcc/arm-none-eabi/11.3.1/thumb/v7e-m+fp/hard\libgcc.a(_arm_muldivdf3.o)
                0x00000000080005e8                __aeabi_dmul
                0x00000000080005e8                __muldf3
                0x000000000800083c                __divdf3
                0x000000000800083c                __aeabi_ddiv
 .text          0x0000000008000a0c       0x40 C:/ST/STM32CubeIDE_1.13.0/STM32CubeIDE/plugins/com.st.stm32cube.ide.mcu.externaltools.gnu-tools-for-stm32.11.3.rel1.win32_1.1.0.202305231506/tools/bin/../lib/gcc/arm-none-eabi/11.3.1/thumb/v7e-m+fp/hard\libgcc.a(_arm_fixunsdfsi.o)
                0x0000000008000a0c                __aeabi_d2uiz
                0x0000000008000a0c                __fixunsdfsi
 .text          0x0000000008000a4c       0x30 C:/ST/STM32CubeIDE_1.13.0/STM32CubeIDE/plugins/com.st.stm32cube.ide.mcu.externaltools.gnu-tools-for-stm32.11.3.rel1.win32_1.1.0.202305231506/tools/bin/../lib/gcc/arm-none-eabi/11.3.1/thumb/v7e-m+fp/hard\libgcc.a(_aeabi_uldivmod.o)
                0x0000000008000a4c                __aeabi_uldivmod
 .text          0x0000000008000a7c      0x2c8 C:/ST/STM32CubeIDE_1.13.0/STM32CubeIDE/plugins/com.st.stm32cube.ide.mcu.externaltools.gnu-tools-for-stm32.11.3.rel1.win32_1.1.0.202305231506/tools/bin/../lib/gcc/arm-none-eabi/11.3.1/thumb/v7e-m+fp/hard\libgcc.a(_udivmoddi4.o)
                0x0000000008000a7c                __udivmoddi4
 .text          0x0000000008000d44        0x4 C:/ST/STM32CubeIDE_1.13.0/STM32CubeIDE/plugins/com.st.stm32cube.ide.mcu.externaltools.gnu-tools-for-stm32.11.3.rel1.win32_1.1.0.202305231506/tools/bin/../lib/gcc/arm-none-eabi/11.3.1/thumb/v7e-m+fp/hard\libgcc.a(_dvmd_tls.o)
                0x0000000008000d44                __aeabi_idiv0
                0x0000000008000d44                __aeabi_ldiv0
 *(.text*)
 .text._ZN6SX128x8HalPreTxEv
                0x0000000008000d48       0x14 ./Core/Src/SX128x.o
                0x0000000008000d48                SX128x::HalPreTx()
 .text._ZN6SX128x8HalPreRxEv
                0x0000000008000d5c       0x14 ./Core/Src/SX128x.o
                0x0000000008000d5c                SX128x::HalPreRx()
 .text._ZN6SX128x9HalPostTxEv
                0x0000000008000d70       0x14 ./Core/Src/SX128x.o
                0x0000000008000d70                SX128x::HalPostTx()
 .text._ZN6SX128x9HalPostRxEv
                0x0000000008000d84       0x14 ./Core/Src/SX128x.o
                0x0000000008000d84                SX128x::HalPostRx()
 .text._ZN6SX128x12GetDioStatusEv
                0x0000000008000d98       0x16 ./Core/Src/SX128x.o
                0x0000000008000d98                SX128x::GetDioStatus()
 .text._ZN6SX128x18GetFirmwareVersionEv
                0x0000000008000dae       0x40 ./Core/Src/SX128x.o
                0x0000000008000dae                SX128x::GetFirmwareVersion()
 .text._ZN6SX128x9GetStatusEv
                0x0000000008000dee       0x2e ./Core/Src/SX128x.o
                0x0000000008000dee                SX128x::GetStatus()
 .text._ZN6SX128x9GetOpModeEv
                0x0000000008000e1c       0x1a ./Core/Src/SX128x.o
                0x0000000008000e1c                SX128x::GetOpMode()
 .text._ZN6SX128x10SetStandbyENS_19RadioStandbyModes_tE
                0x0000000008000e36       0x3e ./Core/Src/SX128x.o
                0x0000000008000e36                SX128x::SetStandby(SX128x::RadioStandbyModes_t)
 .text._ZN6SX128x5SetRxENS_10TickTime_sE
                0x0000000008000e74       0x64 ./Core/Src/SX128x.o
                0x0000000008000e74                SX128x::SetRx(SX128x::TickTime_s)
 .text._ZN6SX128x13SetPacketTypeENS_18RadioPacketTypes_tE
                0x0000000008000ed8       0x2e ./Core/Src/SX128x.o
                0x0000000008000ed8                SX128x::SetPacketType(SX128x::RadioPacketTypes_t)
 .text._ZN6SX128x13GetPacketTypeEb
                0x0000000008000f06       0x52 ./Core/Src/SX128x.o
                0x0000000008000f06                SX128x::GetPacketType(bool)
 .text._ZN6SX128x14SetRfFrequencyEm
                0x0000000008000f58       0x60 ./Core/Src/SX128x.o
                0x0000000008000f58                SX128x::SetRfFrequency(unsigned long)
 .text._ZN6SX128x22SetBufferBaseAddressesEhh
                0x0000000008000fb8       0x34 ./Core/Src/SX128x.o
                0x0000000008000fb8                SX128x::SetBufferBaseAddresses(unsigned char, unsigned char)
 .text._ZN6SX128x19SetModulationParamsERKNS_18ModulationParams_tE
                0x0000000008000fec      0x110 ./Core/Src/SX128x.o
                0x0000000008000fec                SX128x::SetModulationParams(SX128x::ModulationParams_t const&)
 .text._ZN6SX128x15SetPacketParamsERKNS_14PacketParams_tE
                0x00000000080010fc      0x170 ./Core/Src/SX128x.o
                0x00000000080010fc                SX128x::SetPacketParams(SX128x::PacketParams_t const&)
 .text._ZN6SX128x17GetRxBufferStatusEPhS0_
                0x000000000800126c       0xa4 ./Core/Src/SX128x.o
                0x000000000800126c                SX128x::GetRxBufferStatus(unsigned char*, unsigned char*)
 .text._ZN6SX128x15SetDioIrqParamsEtttt
                0x0000000008001310       0x76 ./Core/Src/SX128x.o
                0x0000000008001310                SX128x::SetDioIrqParams(unsigned short, unsigned short, unsigned short, unsigned short)
 .text._ZN6SX128x14ClearIrqStatusEt
                0x0000000008001386       0x38 ./Core/Src/SX128x.o
                0x0000000008001386                SX128x::ClearIrqStatus(unsigned short)
 .text._ZN6SX128x11HalSpiWriteEPKht
                0x00000000080013be       0x80 ./Core/Src/SX128x.o
                0x00000000080013be                SX128x::HalSpiWrite(unsigned char const*, unsigned short)
 .text._ZN6SX128x10WaitOnBusyEv
                0x000000000800143e       0x30 ./Core/Src/SX128x.o
                0x000000000800143e                SX128x::WaitOnBusy()
 .text._ZN6SX128x14WaitOnBusyLongEv
                0x000000000800146e       0x36 ./Core/Src/SX128x.o
                0x000000000800146e                SX128x::WaitOnBusyLong()
 .text._ZN6SX128x5ResetEv
                0x00000000080014a4       0x52 ./Core/Src/SX128x.o
                0x00000000080014a4                SX128x::Reset()
 .text._ZN6SX128x6WakeupEv
                0x00000000080014f6       0x28 ./Core/Src/SX128x.o
                0x00000000080014f6                SX128x::Wakeup()
 .text._ZN6SX128x12WriteCommandENS_15RadioCommands_uEPht
                0x000000000800151e       0x5e ./Core/Src/SX128x.o
                0x000000000800151e                SX128x::WriteCommand(SX128x::RadioCommands_u, unsigned char*, unsigned short)
 .text._ZN6SX128x11ReadCommandENS_15RadioCommands_uEPht
                0x000000000800157c       0xc4 ./Core/Src/SX128x.o
                0x000000000800157c                SX128x::ReadCommand(SX128x::RadioCommands_u, unsigned char*, unsigned short)
 .text._ZN6SX128x13WriteRegisterEtPht
                0x0000000008001640       0x78 ./Core/Src/SX128x.o
                0x0000000008001640                SX128x::WriteRegister(unsigned short, unsigned char*, unsigned short)
 .text._ZN6SX128x13WriteRegisterEth
                0x00000000080016b8       0x2a ./Core/Src/SX128x.o
                0x00000000080016b8                SX128x::WriteRegister(unsigned short, unsigned char)
 .text._ZN6SX128x12ReadRegisterEtPht
                0x00000000080016e2       0xa0 ./Core/Src/SX128x.o
                0x00000000080016e2                SX128x::ReadRegister(unsigned short, unsigned char*, unsigned short)
 .text._ZN6SX128x12ReadRegisterEt
                0x0000000008001782       0x2a ./Core/Src/SX128x.o
                0x0000000008001782                SX128x::ReadRegister(unsigned short)
 .text._ZN6SX128x11WriteBufferEhPhh
                0x00000000080017ac       0x68 ./Core/Src/SX128x.o
                0x00000000080017ac                SX128x::WriteBuffer(unsigned char, unsigned char*, unsigned char)
 .text._ZN6SX128x10ReadBufferEhPhh
                0x0000000008001814       0x90 ./Core/Src/SX128x.o
                0x0000000008001814                SX128x::ReadBuffer(unsigned char, unsigned char*, unsigned char)
 .text._ZN10SX128x_OBJ24CommonTransceiverSettingEv
                0x00000000080018a4       0x60 ./Core/Src/SX128x_OBJ.o
                0x00000000080018a4                SX128x_OBJ::CommonTransceiverSetting()
 .text._ZN10SX128x_OBJ16InterruptSettingEv
                0x0000000008001904       0x20 ./Core/Src/SX128x_OBJ.o
                0x0000000008001904                SX128x_OBJ::InterruptSetting()
 .text._ZN10SX128x_OBJ4InitEv
                0x0000000008001924       0x72 ./Core/Src/SX128x_OBJ.o
                0x0000000008001924                SX128x_OBJ::Init()
 .text._ZN6SX128xUt0_C2Ev
                0x0000000008001996       0x6a ./Core/Src/SX128x_OBJ.o
                0x0000000008001996                SX128x::{unnamed type#2}::SX128x()
                0x0000000008001996                SX128x::{unnamed type#2}::SX128x()
 .text._ZN6SX128xC2Ev
                0x0000000008001a00       0x8c ./Core/Src/SX128x_OBJ.o
                0x0000000008001a00                SX128x::SX128x()
                0x0000000008001a00                SX128x::SX128x()
 .text._ZN10SX128x_OBJC2Ev
                0x0000000008001a8c       0xb8 ./Core/Src/SX128x_OBJ.o
                0x0000000008001a8c                SX128x_OBJ::SX128x_OBJ()
                0x0000000008001a8c                SX128x_OBJ::SX128x_OBJ()
 .text._ZN10SX128x_OBJ9RxSettingEv
                0x0000000008001b44       0x16 ./Core/Src/SX128x_OBJ.o
                0x0000000008001b44                SX128x_OBJ::RxSetting()
 .text._ZN10SX128x_OBJ10RxBlockingEPhh
                0x0000000008001b5a       0x96 ./Core/Src/SX128x_OBJ.o
                0x0000000008001b5a                SX128x_OBJ::RxBlocking(unsigned char*, unsigned char)
 .text._ZNSt14_Function_baseC2Ev
                0x0000000008001bf0       0x26 ./Core/Src/SX128x_OBJ.o
                0x0000000008001bf0                std::_Function_base::_Function_base()
                0x0000000008001bf0                std::_Function_base::_Function_base()
 .text._ZNSt8functionIFvvEEC2Ev
                0x0000000008001c16       0x2c ./Core/Src/SX128x_OBJ.o
                0x0000000008001c16                std::function<void ()>::function()
                0x0000000008001c16                std::function<void ()>::function()
 .text._ZNSt8functionIFvN6SX128x14IrqErrorCode_tEEEC2Ev
                0x0000000008001c42       0x2c ./Core/Src/SX128x_OBJ.o
                0x0000000008001c42                std::function<void (SX128x::IrqErrorCode_t)>::function()
                0x0000000008001c42                std::function<void (SX128x::IrqErrorCode_t)>::function()
 .text._ZNSt8functionIFvN6SX128x16IrqRangingCode_tEEEC2Ev
                0x0000000008001c6e       0x2c ./Core/Src/SX128x_OBJ.o
                0x0000000008001c6e                std::function<void (SX128x::IrqRangingCode_t)>::function()
                0x0000000008001c6e                std::function<void (SX128x::IrqRangingCode_t)>::function()
 .text._ZNSt8functionIFvbEEC2Ev
                0x0000000008001c9a       0x2c ./Core/Src/SX128x_OBJ.o
                0x0000000008001c9a                std::function<void (bool)>::function()
                0x0000000008001c9a                std::function<void (bool)>::function()
 .text._ZNSt14_Function_baseD2Ev
                0x0000000008001cc6       0x26 ./Core/Src/SX128x_driver.o
                0x0000000008001cc6                std::_Function_base::~_Function_base()
                0x0000000008001cc6                std::_Function_base::~_Function_base()
 .text._ZN10SX128x_OBJ11HalGpioReadEN6SX128x17GpioPinFunction_tE
                0x0000000008001cec       0x64 ./Core/Src/SX128x_driver.o
                0x0000000008001cec                SX128x_OBJ::HalGpioRead(SX128x::GpioPinFunction_t)
 .text._ZN10SX128x_OBJ12HalGpioWriteEN6SX128x17GpioPinFunction_tEh
                0x0000000008001d50       0x5c ./Core/Src/SX128x_driver.o
                0x0000000008001d50                SX128x_OBJ::HalGpioWrite(SX128x::GpioPinFunction_t, unsigned char)
 .text._ZN10SX128x_OBJ14HalSpiTransferEPhPKht
                0x0000000008001dac       0x44 ./Core/Src/SX128x_driver.o
                0x0000000008001dac                SX128x_OBJ::HalSpiTransfer(unsigned char*, unsigned char const*, unsigned short)
 .text._ZN10SX128x_OBJ19HalSpiTransferDelayEPhPKht
                0x0000000008001df0       0x48 ./Core/Src/SX128x_driver.o
                0x0000000008001df0                SX128x_OBJ::HalSpiTransferDelay(unsigned char*, unsigned char const*, unsigned short)
 .text._ZNSt8functionIFvvEED2Ev
                0x0000000008001e38       0x1a ./Core/Src/SX128x_driver.o
                0x0000000008001e38                std::function<void ()>::~function()
                0x0000000008001e38                std::function<void ()>::~function()
 .text._ZNSt8functionIFvN6SX128x14IrqErrorCode_tEEED2Ev
                0x0000000008001e52       0x1a ./Core/Src/SX128x_driver.o
                0x0000000008001e52                std::function<void (SX128x::IrqErrorCode_t)>::~function()
                0x0000000008001e52                std::function<void (SX128x::IrqErrorCode_t)>::~function()
 .text._ZNSt8functionIFvN6SX128x16IrqRangingCode_tEEED2Ev
                0x0000000008001e6c       0x1a ./Core/Src/SX128x_driver.o
                0x0000000008001e6c                std::function<void (SX128x::IrqRangingCode_t)>::~function()
                0x0000000008001e6c                std::function<void (SX128x::IrqRangingCode_t)>::~function()
 .text._ZNSt8functionIFvbEED2Ev
                0x0000000008001e86       0x1a ./Core/Src/SX128x_driver.o
                0x0000000008001e86                std::function<void (bool)>::~function()
                0x0000000008001e86                std::function<void (bool)>::~function()
 .text._ZN6SX128xUt0_D2Ev
                0x0000000008001ea0       0x6a ./Core/Src/SX128x_driver.o
                0x0000000008001ea0                SX128x::{unnamed type#2}::~SX128x()
                0x0000000008001ea0                SX128x::{unnamed type#2}::~SX128x()
 *fill*         0x0000000008001f0a        0x2 
 .text._ZN6SX128xD2Ev
                0x0000000008001f0c       0x28 ./Core/Src/SX128x_driver.o
                0x0000000008001f0c                SX128x::~SX128x()
                0x0000000008001f0c                SX128x::~SX128x()
 .text._ZN6SX128xD0Ev
                0x0000000008001f34       0x20 ./Core/Src/SX128x_driver.o
                0x0000000008001f34                SX128x::~SX128x()
 .text._ZN10SX128x_OBJD2Ev
                0x0000000008001f54       0x24 ./Core/Src/SX128x_driver.o
                0x0000000008001f54                SX128x_OBJ::~SX128x_OBJ()
                0x0000000008001f54                SX128x_OBJ::~SX128x_OBJ()
 .text._ZN10SX128x_OBJD0Ev
                0x0000000008001f78       0x22 ./Core/Src/SX128x_driver.o
                0x0000000008001f78                SX128x_OBJ::~SX128x_OBJ()
 *fill*         0x0000000008001f9a        0x2 
 .text.main     0x0000000008001f9c      0x104 ./Core/Src/main.o
                0x0000000008001f9c                main
 .text._Z18SystemClock_Configv
                0x00000000080020a0       0xc0 ./Core/Src/main.o
                0x00000000080020a0                SystemClock_Config()
 .text._ZL12MX_SPI1_Initv
                0x0000000008002160       0x84 ./Core/Src/main.o
 .text._ZL12MX_TIM1_Initv
                0x00000000080021e4       0xc4 ./Core/Src/main.o
 .text._ZL19MX_USART2_UART_Initv
                0x00000000080022a8       0x68 ./Core/Src/main.o
 .text._ZL12MX_GPIO_Initv
                0x0000000008002310      0x12c ./Core/Src/main.o
 .text.Error_Handler
                0x000000000800243c        0xa ./Core/Src/main.o
                0x000000000800243c                Error_Handler
 *fill*         0x0000000008002446        0x2 
 .text._Z41__static_initialization_and_destruction_0ii
                0x0000000008002448       0x44 ./Core/Src/main.o
 .text._GLOBAL__sub_I_hspi1
                0x000000000800248c       0x10 ./Core/Src/main.o
 .text._GLOBAL__sub_D_hspi1
                0x000000000800249c       0x10 ./Core/Src/main.o
 .text.HAL_MspInit
                0x00000000080024ac       0x48 ./Core/Src/stm32l4xx_hal_msp.o
                0x00000000080024ac                HAL_MspInit
 .text.HAL_SPI_MspInit
                0x00000000080024f4       0x84 ./Core/Src/stm32l4xx_hal_msp.o
                0x00000000080024f4                HAL_SPI_MspInit
 .text.HAL_TIM_Base_MspInit
                0x0000000008002578       0x40 ./Core/Src/stm32l4xx_hal_msp.o
                0x0000000008002578                HAL_TIM_Base_MspInit
 .text.HAL_UART_MspInit
                0x00000000080025b8       0xb8 ./Core/Src/stm32l4xx_hal_msp.o
                0x00000000080025b8                HAL_UART_MspInit
 .text.NMI_Handler
                0x0000000008002670        0x6 ./Core/Src/stm32l4xx_it.o
                0x0000000008002670                NMI_Handler
 .text.HardFault_Handler
                0x0000000008002676        0x6 ./Core/Src/stm32l4xx_it.o
                0x0000000008002676                HardFault_Handler
 .text.MemManage_Handler
                0x000000000800267c        0x6 ./Core/Src/stm32l4xx_it.o
                0x000000000800267c                MemManage_Handler
 .text.BusFault_Handler
                0x0000000008002682        0x6 ./Core/Src/stm32l4xx_it.o
                0x0000000008002682                BusFault_Handler
 .text.UsageFault_Handler
                0x0000000008002688        0x6 ./Core/Src/stm32l4xx_it.o
                0x0000000008002688                UsageFault_Handler
 .text.SVC_Handler
                0x000000000800268e        0xe ./Core/Src/stm32l4xx_it.o
                0x000000000800268e                SVC_Handler
 .text.DebugMon_Handler
                0x000000000800269c        0xe ./Core/Src/stm32l4xx_it.o
                0x000000000800269c                DebugMon_Handler
 .text.PendSV_Handler
                0x00000000080026aa        0xe ./Core/Src/stm32l4xx_it.o
                0x00000000080026aa                PendSV_Handler
 .text.SysTick_Handler
                0x00000000080026b8        0xc ./Core/Src/stm32l4xx_it.o
                0x00000000080026b8                SysTick_Handler
 .text._sbrk    0x00000000080026c4       0x6c ./Core/Src/sysmem.o
                0x00000000080026c4                _sbrk
 .text.SystemInit
                0x0000000008002730       0x24 ./Core/Src/system_stm32l4xx.o
                0x0000000008002730                SystemInit
 .text.Reset_Handler
                0x0000000008002754       0x50 ./Core/Startup/startup_stm32l476rgtx.o
                0x0000000008002754                Reset_Handler
 .text.Default_Handler
                0x00000000080027a4        0x2 ./Core/Startup/startup_stm32l476rgtx.o
                0x00000000080027a4                RTC_Alarm_IRQHandler
                0x00000000080027a4                EXTI2_IRQHandler
                0x00000000080027a4                TIM8_TRG_COM_IRQHandler
                0x00000000080027a4                TIM8_CC_IRQHandler
                0x00000000080027a4                TIM1_CC_IRQHandler
                0x00000000080027a4                TSC_IRQHandler
                0x00000000080027a4                TAMP_STAMP_IRQHandler
                0x00000000080027a4                EXTI3_IRQHandler
                0x00000000080027a4                LPTIM2_IRQHandler
                0x00000000080027a4                DFSDM1_FLT1_IRQHandler
                0x00000000080027a4                I2C3_ER_IRQHandler
                0x00000000080027a4                DFSDM1_FLT2_IRQHandler
                0x00000000080027a4                EXTI0_IRQHandler
                0x00000000080027a4                I2C2_EV_IRQHandler
                0x00000000080027a4                CAN1_RX0_IRQHandler
                0x00000000080027a4                FPU_IRQHandler
                0x00000000080027a4                TIM1_UP_TIM16_IRQHandler
                0x00000000080027a4                ADC1_2_IRQHandler
                0x00000000080027a4                SPI1_IRQHandler
                0x00000000080027a4                TIM6_DAC_IRQHandler
                0x00000000080027a4                TIM8_UP_IRQHandler
                0x00000000080027a4                DMA2_Channel2_IRQHandler
                0x00000000080027a4                DMA1_Channel4_IRQHandler
                0x00000000080027a4                SAI2_IRQHandler
                0x00000000080027a4                DFSDM1_FLT3_IRQHandler
                0x00000000080027a4                USART3_IRQHandler
                0x00000000080027a4                DMA1_Channel7_IRQHandler
                0x00000000080027a4                CAN1_RX1_IRQHandler
                0x00000000080027a4                LCD_IRQHandler
                0x00000000080027a4                UART5_IRQHandler
                0x00000000080027a4                ADC3_IRQHandler
                0x00000000080027a4                TIM4_IRQHandler
                0x00000000080027a4                DMA2_Channel1_IRQHandler
                0x00000000080027a4                QUADSPI_IRQHandler
                0x00000000080027a4                I2C1_EV_IRQHandler
                0x00000000080027a4                DMA1_Channel6_IRQHandler
                0x00000000080027a4                UART4_IRQHandler
                0x00000000080027a4                DMA2_Channel4_IRQHandler
                0x00000000080027a4                TIM3_IRQHandler
                0x00000000080027a4                RCC_IRQHandler
                0x00000000080027a4                DMA1_Channel1_IRQHandler
                0x00000000080027a4                Default_Handler
                0x00000000080027a4                DMA2_Channel7_IRQHandler
                0x00000000080027a4                EXTI15_10_IRQHandler
                0x00000000080027a4                TIM7_IRQHandler
                0x00000000080027a4                SDMMC1_IRQHandler
                0x00000000080027a4                TIM5_IRQHandler
                0x00000000080027a4                I2C3_EV_IRQHandler
                0x00000000080027a4                EXTI9_5_IRQHandler
                0x00000000080027a4                RTC_WKUP_IRQHandler
                0x00000000080027a4                PVD_PVM_IRQHandler
                0x00000000080027a4                SPI2_IRQHandler
                0x00000000080027a4                CAN1_TX_IRQHandler
                0x00000000080027a4                DMA2_Channel5_IRQHandler
                0x00000000080027a4                DMA1_Channel5_IRQHandler
                0x00000000080027a4                EXTI4_IRQHandler
                0x00000000080027a4                RNG_IRQHandler
                0x00000000080027a4                TIM1_TRG_COM_TIM17_IRQHandler
                0x00000000080027a4                DMA1_Channel3_IRQHandler
                0x00000000080027a4                COMP_IRQHandler
                0x00000000080027a4                WWDG_IRQHandler
                0x00000000080027a4                LPUART1_IRQHandler
                0x00000000080027a4                DMA2_Channel6_IRQHandler
                0x00000000080027a4                TIM2_IRQHandler
                0x00000000080027a4                EXTI1_IRQHandler
                0x00000000080027a4                USART2_IRQHandler
                0x00000000080027a4                DFSDM1_FLT0_IRQHandler
                0x00000000080027a4                I2C2_ER_IRQHandler
                0x00000000080027a4                DMA1_Channel2_IRQHandler
                0x00000000080027a4                TIM8_BRK_IRQHandler
                0x00000000080027a4                CAN1_SCE_IRQHandler
                0x00000000080027a4                FLASH_IRQHandler
                0x00000000080027a4                USART1_IRQHandler
                0x00000000080027a4                OTG_FS_IRQHandler
                0x00000000080027a4                SPI3_IRQHandler
                0x00000000080027a4                I2C1_ER_IRQHandler
                0x00000000080027a4                FMC_IRQHandler
                0x00000000080027a4                SWPMI1_IRQHandler
                0x00000000080027a4                LPTIM1_IRQHandler
                0x00000000080027a4                SAI1_IRQHandler
                0x00000000080027a4                DMA2_Channel3_IRQHandler
                0x00000000080027a4                TIM1_BRK_TIM15_IRQHandler
 *fill*         0x00000000080027a6        0x2 
 .text.HAL_Init
                0x00000000080027a8       0x40 ./Drivers/STM32L4xx_HAL_Driver/Src/stm32l4xx_hal.o
                0x00000000080027a8                HAL_Init
 .text.HAL_InitTick
                0x00000000080027e8       0x78 ./Drivers/STM32L4xx_HAL_Driver/Src/stm32l4xx_hal.o
                0x00000000080027e8                HAL_InitTick
 .text.HAL_IncTick
                0x0000000008002860       0x28 ./Drivers/STM32L4xx_HAL_Driver/Src/stm32l4xx_hal.o
                0x0000000008002860                HAL_IncTick
 .text.HAL_GetTick
                0x0000000008002888       0x18 ./Drivers/STM32L4xx_HAL_Driver/Src/stm32l4xx_hal.o
                0x0000000008002888                HAL_GetTick
 .text.HAL_Delay
                0x00000000080028a0       0x48 ./Drivers/STM32L4xx_HAL_Driver/Src/stm32l4xx_hal.o
                0x00000000080028a0                HAL_Delay
 .text.__NVIC_SetPriorityGrouping
                0x00000000080028e8       0x48 ./Drivers/STM32L4xx_HAL_Driver/Src/stm32l4xx_hal_cortex.o
 .text.__NVIC_GetPriorityGrouping
                0x0000000008002930       0x1c ./Drivers/STM32L4xx_HAL_Driver/Src/stm32l4xx_hal_cortex.o
 .text.__NVIC_SetPriority
                0x000000000800294c       0x54 ./Drivers/STM32L4xx_HAL_Driver/Src/stm32l4xx_hal_cortex.o
 .text.NVIC_EncodePriority
                0x00000000080029a0       0x66 ./Drivers/STM32L4xx_HAL_Driver/Src/stm32l4xx_hal_cortex.o
 *fill*         0x0000000008002a06        0x2 
 .text.SysTick_Config
                0x0000000008002a08       0x44 ./Drivers/STM32L4xx_HAL_Driver/Src/stm32l4xx_hal_cortex.o
 .text.HAL_NVIC_SetPriorityGrouping
                0x0000000008002a4c       0x16 ./Drivers/STM32L4xx_HAL_Driver/Src/stm32l4xx_hal_cortex.o
                0x0000000008002a4c                HAL_NVIC_SetPriorityGrouping
 .text.HAL_NVIC_SetPriority
                0x0000000008002a62       0x38 ./Drivers/STM32L4xx_HAL_Driver/Src/stm32l4xx_hal_cortex.o
                0x0000000008002a62                HAL_NVIC_SetPriority
 .text.HAL_SYSTICK_Config
                0x0000000008002a9a       0x18 ./Drivers/STM32L4xx_HAL_Driver/Src/stm32l4xx_hal_cortex.o
                0x0000000008002a9a                HAL_SYSTICK_Config
 *fill*         0x0000000008002ab2        0x2 
 .text.HAL_GPIO_Init
                0x0000000008002ab4      0x354 ./Drivers/STM32L4xx_HAL_Driver/Src/stm32l4xx_hal_gpio.o
                0x0000000008002ab4                HAL_GPIO_Init
 .text.HAL_GPIO_ReadPin
                0x0000000008002e08       0x30 ./Drivers/STM32L4xx_HAL_Driver/Src/stm32l4xx_hal_gpio.o
                0x0000000008002e08                HAL_GPIO_ReadPin
 .text.HAL_GPIO_WritePin
                0x0000000008002e38       0x30 ./Drivers/STM32L4xx_HAL_Driver/Src/stm32l4xx_hal_gpio.o
                0x0000000008002e38                HAL_GPIO_WritePin
 .text.HAL_PWREx_GetVoltageRange
                0x0000000008002e68       0x1c ./Drivers/STM32L4xx_HAL_Driver/Src/stm32l4xx_hal_pwr_ex.o
                0x0000000008002e68                HAL_PWREx_GetVoltageRange
 .text.HAL_PWREx_ControlVoltageScaling
                0x0000000008002e84       0xac ./Drivers/STM32L4xx_HAL_Driver/Src/stm32l4xx_hal_pwr_ex.o
                0x0000000008002e84                HAL_PWREx_ControlVoltageScaling
 .text.HAL_RCC_OscConfig
                0x0000000008002f30      0x7b8 ./Drivers/STM32L4xx_HAL_Driver/Src/stm32l4xx_hal_rcc.o
                0x0000000008002f30                HAL_RCC_OscConfig
 .text.HAL_RCC_ClockConfig
                0x00000000080036e8      0x200 ./Drivers/STM32L4xx_HAL_Driver/Src/stm32l4xx_hal_rcc.o
                0x00000000080036e8                HAL_RCC_ClockConfig
 .text.HAL_RCC_GetSysClockFreq
                0x00000000080038e8      0x118 ./Drivers/STM32L4xx_HAL_Driver/Src/stm32l4xx_hal_rcc.o
                0x00000000080038e8                HAL_RCC_GetSysClockFreq
 .text.HAL_RCC_GetHCLKFreq
                0x0000000008003a00       0x18 ./Drivers/STM32L4xx_HAL_Driver/Src/stm32l4xx_hal_rcc.o
                0x0000000008003a00                HAL_RCC_GetHCLKFreq
 .text.HAL_RCC_GetPCLK1Freq
                0x0000000008003a18       0x2c ./Drivers/STM32L4xx_HAL_Driver/Src/stm32l4xx_hal_rcc.o
                0x0000000008003a18                HAL_RCC_GetPCLK1Freq
 .text.HAL_RCC_GetPCLK2Freq
                0x0000000008003a44       0x2c ./Drivers/STM32L4xx_HAL_Driver/Src/stm32l4xx_hal_rcc.o
                0x0000000008003a44                HAL_RCC_GetPCLK2Freq
 .text.RCC_SetFlashLatencyFromMSIRange
                0x0000000008003a70       0xc0 ./Drivers/STM32L4xx_HAL_Driver/Src/stm32l4xx_hal_rcc.o
 .text.HAL_RCCEx_PeriphCLKConfig
                0x0000000008003b30      0x5d4 ./Drivers/STM32L4xx_HAL_Driver/Src/stm32l4xx_hal_rcc_ex.o
                0x0000000008003b30                HAL_RCCEx_PeriphCLKConfig
 .text.RCCEx_PLLSAI1_Config
                0x0000000008004104      0x1e8 ./Drivers/STM32L4xx_HAL_Driver/Src/stm32l4xx_hal_rcc_ex.o
 .text.RCCEx_PLLSAI2_Config
                0x00000000080042ec      0x1bc ./Drivers/STM32L4xx_HAL_Driver/Src/stm32l4xx_hal_rcc_ex.o
 .text.HAL_SPI_Init
                0x00000000080044a8      0x146 ./Drivers/STM32L4xx_HAL_Driver/Src/stm32l4xx_hal_spi.o
                0x00000000080044a8                HAL_SPI_Init
 .text.HAL_SPI_TransmitReceive
                0x00000000080045ee      0x444 ./Drivers/STM32L4xx_HAL_Driver/Src/stm32l4xx_hal_spi.o
                0x00000000080045ee                HAL_SPI_TransmitReceive
 *fill*         0x0000000008004a32        0x2 
 .text.SPI_WaitFlagStateUntilTimeout
                0x0000000008004a34      0x110 ./Drivers/STM32L4xx_HAL_Driver/Src/stm32l4xx_hal_spi.o
 .text.SPI_WaitFifoStateUntilTimeout
                0x0000000008004b44      0x12c ./Drivers/STM32L4xx_HAL_Driver/Src/stm32l4xx_hal_spi.o
 .text.SPI_EndRxTxTransaction
                0x0000000008004c70       0x8c ./Drivers/STM32L4xx_HAL_Driver/Src/stm32l4xx_hal_spi.o
 .text.HAL_TIM_Base_Init
                0x0000000008004cfc       0xae ./Drivers/STM32L4xx_HAL_Driver/Src/stm32l4xx_hal_tim.o
                0x0000000008004cfc                HAL_TIM_Base_Init
 .text.HAL_TIM_ConfigClockSource
                0x0000000008004daa      0x192 ./Drivers/STM32L4xx_HAL_Driver/Src/stm32l4xx_hal_tim.o
                0x0000000008004daa                HAL_TIM_ConfigClockSource
 .text.TIM_Base_SetConfig
                0x0000000008004f3c      0x134 ./Drivers/STM32L4xx_HAL_Driver/Src/stm32l4xx_hal_tim.o
                0x0000000008004f3c                TIM_Base_SetConfig
 .text.TIM_TI1_ConfigInputStage
                0x0000000008005070       0x5e ./Drivers/STM32L4xx_HAL_Driver/Src/stm32l4xx_hal_tim.o
 .text.TIM_TI2_ConfigInputStage
                0x00000000080050ce       0x60 ./Drivers/STM32L4xx_HAL_Driver/Src/stm32l4xx_hal_tim.o
 .text.TIM_ITRx_SetConfig
                0x000000000800512e       0x36 ./Drivers/STM32L4xx_HAL_Driver/Src/stm32l4xx_hal_tim.o
 .text.TIM_ETR_SetConfig
                0x0000000008005164       0x40 ./Drivers/STM32L4xx_HAL_Driver/Src/stm32l4xx_hal_tim.o
                0x0000000008005164                TIM_ETR_SetConfig
 .text.HAL_TIMEx_MasterConfigSynchronization
                0x00000000080051a4      0x110 ./Drivers/STM32L4xx_HAL_Driver/Src/stm32l4xx_hal_tim_ex.o
                0x00000000080051a4                HAL_TIMEx_MasterConfigSynchronization
 .text.HAL_UART_Init
                0x00000000080052b4       0x9c ./Drivers/STM32L4xx_HAL_Driver/Src/stm32l4xx_hal_uart.o
                0x00000000080052b4                HAL_UART_Init
 .text.HAL_UART_Transmit
                0x0000000008005350      0x114 ./Drivers/STM32L4xx_HAL_Driver/Src/stm32l4xx_hal_uart.o
                0x0000000008005350                HAL_UART_Transmit
 .text.UART_SetConfig
                0x0000000008005464      0x570 ./Drivers/STM32L4xx_HAL_Driver/Src/stm32l4xx_hal_uart.o
                0x0000000008005464                UART_SetConfig
 .text.UART_AdvFeatureConfig
                0x00000000080059d4      0x144 ./Drivers/STM32L4xx_HAL_Driver/Src/stm32l4xx_hal_uart.o
                0x00000000080059d4                UART_AdvFeatureConfig
 .text.UART_CheckIdleState
                0x0000000008005b18      0x150 ./Drivers/STM32L4xx_HAL_Driver/Src/stm32l4xx_hal_uart.o
                0x0000000008005b18                UART_CheckIdleState
 .text.UART_WaitOnFlagUntilTimeout
                0x0000000008005c68       0xce ./Drivers/STM32L4xx_HAL_Driver/Src/stm32l4xx_hal_uart.o
                0x0000000008005c68                UART_WaitOnFlagUntilTimeout
 .text.UART_EndRxTransfer
                0x0000000008005d36       0xc8 ./Drivers/STM32L4xx_HAL_Driver/Src/stm32l4xx_hal_uart.o
 .text._ZdlPvj  0x0000000008005dfe        0x4 C:/ST/STM32CubeIDE_1.13.0/STM32CubeIDE/plugins/com.st.stm32cube.ide.mcu.externaltools.gnu-tools-for-stm32.11.3.rel1.win32_1.1.0.202305231506/tools/bin/../lib/gcc/arm-none-eabi/11.3.1/../../../../arm-none-eabi/lib/thumb/v7e-m+fp/hard\libstdc++_nano.a(del_ops.o)
                0x0000000008005dfe                operator delete(void*, unsigned int)
 .text._ZdlPv   0x0000000008005e02        0x4 C:/ST/STM32CubeIDE_1.13.0/STM32CubeIDE/plugins/com.st.stm32cube.ide.mcu.externaltools.gnu-tools-for-stm32.11.3.rel1.win32_1.1.0.202305231506/tools/bin/../lib/gcc/arm-none-eabi/11.3.1/../../../../arm-none-eabi/lib/thumb/v7e-m+fp/hard\libstdc++_nano.a(del_op.o)
                0x0000000008005e02                operator delete(void*)
 *fill*         0x0000000008005e06        0x2 
 .text.free     0x0000000008005e08       0x10 C:/ST/STM32CubeIDE_1.13.0/STM32CubeIDE/plugins/com.st.stm32cube.ide.mcu.externaltools.gnu-tools-for-stm32.11.3.rel1.win32_1.1.0.202305231506/tools/bin/../lib/gcc/arm-none-eabi/11.3.1/../../../../arm-none-eabi/lib/thumb/v7e-m+fp/hard\libc_nano.a(libc_a-malloc.o)
                0x0000000008005e08                free
 .text.sbrk_aligned
                0x0000000008005e18       0x40 C:/ST/STM32CubeIDE_1.13.0/STM32CubeIDE/plugins/com.st.stm32cube.ide.mcu.externaltools.gnu-tools-for-stm32.11.3.rel1.win32_1.1.0.202305231506/tools/bin/../lib/gcc/arm-none-eabi/11.3.1/../../../../arm-none-eabi/lib/thumb/v7e-m+fp/hard\libc_nano.a(libc_a-mallocr.o)
 .text._malloc_r
                0x0000000008005e58      0x100 C:/ST/STM32CubeIDE_1.13.0/STM32CubeIDE/plugins/com.st.stm32cube.ide.mcu.externaltools.gnu-tools-for-stm32.11.3.rel1.win32_1.1.0.202305231506/tools/bin/../lib/gcc/arm-none-eabi/11.3.1/../../../../arm-none-eabi/lib/thumb/v7e-m+fp/hard\libc_nano.a(libc_a-mallocr.o)
                0x0000000008005e58                _malloc_r
 .text.__malloc_lock
                0x0000000008005f58        0xc C:/ST/STM32CubeIDE_1.13.0/STM32CubeIDE/plugins/com.st.stm32cube.ide.mcu.externaltools.gnu-tools-for-stm32.11.3.rel1.win32_1.1.0.202305231506/tools/bin/../lib/gcc/arm-none-eabi/11.3.1/../../../../arm-none-eabi/lib/thumb/v7e-m+fp/hard\libc_nano.a(libc_a-mlock.o)
                0x0000000008005f58                __malloc_lock
 .text.__malloc_unlock
                0x0000000008005f64        0xc C:/ST/STM32CubeIDE_1.13.0/STM32CubeIDE/plugins/com.st.stm32cube.ide.mcu.externaltools.gnu-tools-for-stm32.11.3.rel1.win32_1.1.0.202305231506/tools/bin/../lib/gcc/arm-none-eabi/11.3.1/../../../../arm-none-eabi/lib/thumb/v7e-m+fp/hard\libc_nano.a(libc_a-mlock.o)
                0x0000000008005f64                __malloc_unlock
 .text.sprintf  0x0000000008005f70       0x40 C:/ST/STM32CubeIDE_1.13.0/STM32CubeIDE/plugins/com.st.stm32cube.ide.mcu.externaltools.gnu-tools-for-stm32.11.3.rel1.win32_1.1.0.202305231506/tools/bin/../lib/gcc/arm-none-eabi/11.3.1/../../../../arm-none-eabi/lib/thumb/v7e-m+fp/hard\libc_nano.a(libc_a-sprintf.o)
                0x0000000008005f70                siprintf
                0x0000000008005f70                sprintf
 .text.memset   0x0000000008005fb0       0x10 C:/ST/STM32CubeIDE_1.13.0/STM32CubeIDE/plugins/com.st.stm32cube.ide.mcu.externaltools.gnu-tools-for-stm32.11.3.rel1.win32_1.1.0.202305231506/tools/bin/../lib/gcc/arm-none-eabi/11.3.1/../../../../arm-none-eabi/lib/thumb/v7e-m+fp/hard\libc_nano.a(libc_a-memset.o)
                0x0000000008005fb0                memset
 .text._sbrk_r  0x0000000008005fc0       0x20 C:/ST/STM32CubeIDE_1.13.0/STM32CubeIDE/plugins/com.st.stm32cube.ide.mcu.externaltools.gnu-tools-for-stm32.11.3.rel1.win32_1.1.0.202305231506/tools/bin/../lib/gcc/arm-none-eabi/11.3.1/../../../../arm-none-eabi/lib/thumb/v7e-m+fp/hard\libc_nano.a(libc_a-sbrkr.o)
                0x0000000008005fc0                _sbrk_r
 .text.__errno  0x0000000008005fe0        0xc C:/ST/STM32CubeIDE_1.13.0/STM32CubeIDE/plugins/com.st.stm32cube.ide.mcu.externaltools.gnu-tools-for-stm32.11.3.rel1.win32_1.1.0.202305231506/tools/bin/../lib/gcc/arm-none-eabi/11.3.1/../../../../arm-none-eabi/lib/thumb/v7e-m+fp/hard\libc_nano.a(libc_a-errno.o)
                0x0000000008005fe0                __errno
 .text.__libc_init_array
                0x0000000008005fec       0x48 C:/ST/STM32CubeIDE_1.13.0/STM32CubeIDE/plugins/com.st.stm32cube.ide.mcu.externaltools.gnu-tools-for-stm32.11.3.rel1.win32_1.1.0.202305231506/tools/bin/../lib/gcc/arm-none-eabi/11.3.1/../../../../arm-none-eabi/lib/thumb/v7e-m+fp/hard\libc_nano.a(libc_a-init.o)
                0x0000000008005fec                __libc_init_array
 .text.__retarget_lock_acquire_recursive
                0x0000000008006034        0x2 C:/ST/STM32CubeIDE_1.13.0/STM32CubeIDE/plugins/com.st.stm32cube.ide.mcu.externaltools.gnu-tools-for-stm32.11.3.rel1.win32_1.1.0.202305231506/tools/bin/../lib/gcc/arm-none-eabi/11.3.1/../../../../arm-none-eabi/lib/thumb/v7e-m+fp/hard\libc_nano.a(libc_a-lock.o)
                0x0000000008006034                __retarget_lock_acquire_recursive
 .text.__retarget_lock_release_recursive
                0x0000000008006036        0x2 C:/ST/STM32CubeIDE_1.13.0/STM32CubeIDE/plugins/com.st.stm32cube.ide.mcu.externaltools.gnu-tools-for-stm32.11.3.rel1.win32_1.1.0.202305231506/tools/bin/../lib/gcc/arm-none-eabi/11.3.1/../../../../arm-none-eabi/lib/thumb/v7e-m+fp/hard\libc_nano.a(libc_a-lock.o)
                0x0000000008006036                __retarget_lock_release_recursive
 .text.memcpy   0x0000000008006038       0x1c C:/ST/STM32CubeIDE_1.13.0/STM32CubeIDE/plugins/com.st.stm32cube.ide.mcu.externaltools.gnu-tools-for-stm32.11.3.rel1.win32_1.1.0.202305231506/tools/bin/../lib/gcc/arm-none-eabi/11.3.1/../../../../arm-none-eabi/lib/thumb/v7e-m+fp/hard\libc_nano.a(libc_a-memcpy-stub.o)
                0x0000000008006038                memcpy
 .text._free_r  0x0000000008006054       0x98 C:/ST/STM32CubeIDE_1.13.0/STM32CubeIDE/plugins/com.st.stm32cube.ide.mcu.externaltools.gnu-tools-for-stm32.11.3.rel1.win32_1.1.0.202305231506/tools/bin/../lib/gcc/arm-none-eabi/11.3.1/../../../../arm-none-eabi/lib/thumb/v7e-m+fp/hard\libc_nano.a(libc_a-freer.o)
                0x0000000008006054                _free_r
 .text.__ssputs_r
                0x00000000080060ec       0xb4 C:/ST/STM32CubeIDE_1.13.0/STM32CubeIDE/plugins/com.st.stm32cube.ide.mcu.externaltools.gnu-tools-for-stm32.11.3.rel1.win32_1.1.0.202305231506/tools/bin/../lib/gcc/arm-none-eabi/11.3.1/../../../../arm-none-eabi/lib/thumb/v7e-m+fp/hard\libc_nano.a(libc_a-nano-svfprintf.o)
                0x00000000080060ec                __ssputs_r
 .text._svfprintf_r
                0x00000000080061a0      0x1fc C:/ST/STM32CubeIDE_1.13.0/STM32CubeIDE/plugins/com.st.stm32cube.ide.mcu.externaltools.gnu-tools-for-stm32.11.3.rel1.win32_1.1.0.202305231506/tools/bin/../lib/gcc/arm-none-eabi/11.3.1/../../../../arm-none-eabi/lib/thumb/v7e-m+fp/hard\libc_nano.a(libc_a-nano-svfprintf.o)
                0x00000000080061a0                _svfiprintf_r
                0x00000000080061a0                _svfprintf_r
 .text._printf_common
                0x000000000800639c       0xda C:/ST/STM32CubeIDE_1.13.0/STM32CubeIDE/plugins/com.st.stm32cube.ide.mcu.externaltools.gnu-tools-for-stm32.11.3.rel1.win32_1.1.0.202305231506/tools/bin/../lib/gcc/arm-none-eabi/11.3.1/../../../../arm-none-eabi/lib/thumb/v7e-m+fp/hard\libc_nano.a(libc_a-nano-vfprintf_i.o)
                0x000000000800639c                _printf_common
 *fill*         0x0000000008006476        0x2 
 .text._printf_i
                0x0000000008006478      0x244 C:/ST/STM32CubeIDE_1.13.0/STM32CubeIDE/plugins/com.st.stm32cube.ide.mcu.externaltools.gnu-tools-for-stm32.11.3.rel1.win32_1.1.0.202305231506/tools/bin/../lib/gcc/arm-none-eabi/11.3.1/../../../../arm-none-eabi/lib/thumb/v7e-m+fp/hard\libc_nano.a(libc_a-nano-vfprintf_i.o)
                0x0000000008006478                _printf_i
 .text.memmove  0x00000000080066bc       0x34 C:/ST/STM32CubeIDE_1.13.0/STM32CubeIDE/plugins/com.st.stm32cube.ide.mcu.externaltools.gnu-tools-for-stm32.11.3.rel1.win32_1.1.0.202305231506/tools/bin/../lib/gcc/arm-none-eabi/11.3.1/../../../../arm-none-eabi/lib/thumb/v7e-m+fp/hard\libc_nano.a(libc_a-memmove.o)
                0x00000000080066bc                memmove
 .text._realloc_r
                0x00000000080066f0       0x5e C:/ST/STM32CubeIDE_1.13.0/STM32CubeIDE/plugins/com.st.stm32cube.ide.mcu.externaltools.gnu-tools-for-stm32.11.3.rel1.win32_1.1.0.202305231506/tools/bin/../lib/gcc/arm-none-eabi/11.3.1/../../../../arm-none-eabi/lib/thumb/v7e-m+fp/hard\libc_nano.a(libc_a-reallocr.o)
                0x00000000080066f0                _realloc_r
 .text._malloc_usable_size_r
                0x000000000800674e       0x10 C:/ST/STM32CubeIDE_1.13.0/STM32CubeIDE/plugins/com.st.stm32cube.ide.mcu.externaltools.gnu-tools-for-stm32.11.3.rel1.win32_1.1.0.202305231506/tools/bin/../lib/gcc/arm-none-eabi/11.3.1/../../../../arm-none-eabi/lib/thumb/v7e-m+fp/hard\libc_nano.a(libc_a-msizer.o)
                0x000000000800674e                _malloc_usable_size_r
 *(.glue_7)
 .glue_7        0x000000000800675e        0x0 linker stubs
 *(.glue_7t)
 .glue_7t       0x000000000800675e        0x0 linker stubs
 *(.eh_frame)
 *fill*         0x000000000800675e        0x2 
 .eh_frame      0x0000000008006760        0x0 C:/ST/STM32CubeIDE_1.13.0/STM32CubeIDE/plugins/com.st.stm32cube.ide.mcu.externaltools.gnu-tools-for-stm32.11.3.rel1.win32_1.1.0.202305231506/tools/bin/../lib/gcc/arm-none-eabi/11.3.1/thumb/v7e-m+fp/hard/crtbegin.o
 *(.init)
 .init          0x0000000008006760        0x4 C:/ST/STM32CubeIDE_1.13.0/STM32CubeIDE/plugins/com.st.stm32cube.ide.mcu.externaltools.gnu-tools-for-stm32.11.3.rel1.win32_1.1.0.202305231506/tools/bin/../lib/gcc/arm-none-eabi/11.3.1/thumb/v7e-m+fp/hard/crti.o
                0x0000000008006760                _init
 .init          0x0000000008006764        0x8 C:/ST/STM32CubeIDE_1.13.0/STM32CubeIDE/plugins/com.st.stm32cube.ide.mcu.externaltools.gnu-tools-for-stm32.11.3.rel1.win32_1.1.0.202305231506/tools/bin/../lib/gcc/arm-none-eabi/11.3.1/thumb/v7e-m+fp/hard/crtn.o
 *(.fini)
 .fini          0x000000000800676c        0x4 C:/ST/STM32CubeIDE_1.13.0/STM32CubeIDE/plugins/com.st.stm32cube.ide.mcu.externaltools.gnu-tools-for-stm32.11.3.rel1.win32_1.1.0.202305231506/tools/bin/../lib/gcc/arm-none-eabi/11.3.1/thumb/v7e-m+fp/hard/crti.o
                0x000000000800676c                _fini
 .fini          0x0000000008006770        0x8 C:/ST/STM32CubeIDE_1.13.0/STM32CubeIDE/plugins/com.st.stm32cube.ide.mcu.externaltools.gnu-tools-for-stm32.11.3.rel1.win32_1.1.0.202305231506/tools/bin/../lib/gcc/arm-none-eabi/11.3.1/thumb/v7e-m+fp/hard/crtn.o
                0x0000000008006778                . = ALIGN (0x4)
                0x0000000008006778                _etext = .

.vfp11_veneer   0x0000000008006778        0x0
 .vfp11_veneer  0x0000000008006778        0x0 linker stubs

.v4_bx          0x0000000008006778        0x0
 .v4_bx         0x0000000008006778        0x0 linker stubs

.iplt           0x0000000008006778        0x0
 .iplt          0x0000000008006778        0x0 C:/ST/STM32CubeIDE_1.13.0/STM32CubeIDE/plugins/com.st.stm32cube.ide.mcu.externaltools.gnu-tools-for-stm32.11.3.rel1.win32_1.1.0.202305231506/tools/bin/../lib/gcc/arm-none-eabi/11.3.1/thumb/v7e-m+fp/hard/crtbegin.o

.rodata         0x0000000008006778      0x1cc
                0x0000000008006778                . = ALIGN (0x4)
 *(.rodata)
 .rodata        0x0000000008006778       0x88 ./Core/Src/main.o
 *(.rodata*)
 .rodata._ZTV6SX128x
                0x0000000008006800       0x64 ./Core/Src/SX128x.o
                0x0000000008006800                vtable for SX128x
 .rodata._ZTV10SX128x_OBJ
                0x0000000008006864       0x64 ./Core/Src/SX128x_driver.o
                0x0000000008006864                vtable for SX128x_OBJ
 .rodata.AHBPrescTable
                0x00000000080068c8       0x10 ./Core/Src/system_stm32l4xx.o
                0x00000000080068c8                AHBPrescTable
 .rodata.APBPrescTable
                0x00000000080068d8        0x8 ./Core/Src/system_stm32l4xx.o
                0x00000000080068d8                APBPrescTable
 .rodata.MSIRangeTable
                0x00000000080068e0       0x30 ./Core/Src/system_stm32l4xx.o
                0x00000000080068e0                MSIRangeTable
 .rodata._svfprintf_r.str1.1
                0x0000000008006910       0x11 C:/ST/STM32CubeIDE_1.13.0/STM32CubeIDE/plugins/com.st.stm32cube.ide.mcu.externaltools.gnu-tools-for-stm32.11.3.rel1.win32_1.1.0.202305231506/tools/bin/../lib/gcc/arm-none-eabi/11.3.1/../../../../arm-none-eabi/lib/thumb/v7e-m+fp/hard\libc_nano.a(libc_a-nano-svfprintf.o)
 .rodata._printf_i.str1.1
                0x0000000008006921       0x22 C:/ST/STM32CubeIDE_1.13.0/STM32CubeIDE/plugins/com.st.stm32cube.ide.mcu.externaltools.gnu-tools-for-stm32.11.3.rel1.win32_1.1.0.202305231506/tools/bin/../lib/gcc/arm-none-eabi/11.3.1/../../../../arm-none-eabi/lib/thumb/v7e-m+fp/hard\libc_nano.a(libc_a-nano-vfprintf_i.o)
                0x0000000008006944                . = ALIGN (0x4)
 *fill*         0x0000000008006943        0x1 

.ARM.extab      0x0000000008006944        0x0
                0x0000000008006944                . = ALIGN (0x4)
 *(.ARM.extab* .gnu.linkonce.armextab.*)
                0x0000000008006944                . = ALIGN (0x4)

.ARM            0x0000000008006944        0x8
                0x0000000008006944                . = ALIGN (0x4)
                0x0000000008006944                __exidx_start = .
 *(.ARM.exidx*)
 .ARM.exidx     0x0000000008006944        0x8 C:/ST/STM32CubeIDE_1.13.0/STM32CubeIDE/plugins/com.st.stm32cube.ide.mcu.externaltools.gnu-tools-for-stm32.11.3.rel1.win32_1.1.0.202305231506/tools/bin/../lib/gcc/arm-none-eabi/11.3.1/thumb/v7e-m+fp/hard\libgcc.a(_udivmoddi4.o)
                0x000000000800694c                __exidx_end = .
                0x000000000800694c                . = ALIGN (0x4)

.rel.dyn        0x000000000800694c        0x0
 .rel.iplt      0x000000000800694c        0x0 C:/ST/STM32CubeIDE_1.13.0/STM32CubeIDE/plugins/com.st.stm32cube.ide.mcu.externaltools.gnu-tools-for-stm32.11.3.rel1.win32_1.1.0.202305231506/tools/bin/../lib/gcc/arm-none-eabi/11.3.1/thumb/v7e-m+fp/hard/crtbegin.o

.preinit_array  0x000000000800694c        0x0
                0x000000000800694c                . = ALIGN (0x4)
                0x000000000800694c                PROVIDE (__preinit_array_start = .)
 *(.preinit_array*)
                0x000000000800694c                PROVIDE (__preinit_array_end = .)
                0x000000000800694c                . = ALIGN (0x4)

.init_array     0x000000000800694c        0x8
                0x000000000800694c                . = ALIGN (0x4)
                0x000000000800694c                PROVIDE (__init_array_start = .)
 *(SORT_BY_NAME(.init_array.*))
 *(.init_array*)
 .init_array    0x000000000800694c        0x4 C:/ST/STM32CubeIDE_1.13.0/STM32CubeIDE/plugins/com.st.stm32cube.ide.mcu.externaltools.gnu-tools-for-stm32.11.3.rel1.win32_1.1.0.202305231506/tools/bin/../lib/gcc/arm-none-eabi/11.3.1/thumb/v7e-m+fp/hard/crtbegin.o
 .init_array    0x0000000008006950        0x4 ./Core/Src/main.o
                0x0000000008006954                PROVIDE (__init_array_end = .)
                0x0000000008006954                . = ALIGN (0x4)

.fini_array     0x0000000008006954        0x8
                0x0000000008006954                . = ALIGN (0x4)
                [!provide]                        PROVIDE (__fini_array_start = .)
 *(SORT_BY_NAME(.fini_array.*))
 *(.fini_array*)
 .fini_array    0x0000000008006954        0x4 C:/ST/STM32CubeIDE_1.13.0/STM32CubeIDE/plugins/com.st.stm32cube.ide.mcu.externaltools.gnu-tools-for-stm32.11.3.rel1.win32_1.1.0.202305231506/tools/bin/../lib/gcc/arm-none-eabi/11.3.1/thumb/v7e-m+fp/hard/crtbegin.o
 .fini_array    0x0000000008006958        0x4 ./Core/Src/main.o
                [!provide]                        PROVIDE (__fini_array_end = .)
                0x000000000800695c                . = ALIGN (0x4)
                0x000000000800695c                _sidata = LOADADDR (.data)

.data           0x0000000020000000       0x5c load address 0x000000000800695c
                0x0000000020000000                . = ALIGN (0x4)
                0x0000000020000000                _sdata = .
 *(.data)
 *(.data*)
 .data.SystemCoreClock
                0x0000000020000000        0x4 ./Core/Src/system_stm32l4xx.o
                0x0000000020000000                SystemCoreClock
 .data.uwTickPrio
                0x0000000020000004        0x4 ./Drivers/STM32L4xx_HAL_Driver/Src/stm32l4xx_hal.o
                0x0000000020000004                uwTickPrio
 .data.uwTickFreq
                0x0000000020000008        0x1 ./Drivers/STM32L4xx_HAL_Driver/Src/stm32l4xx_hal.o
                0x0000000020000008                uwTickFreq
 *fill*         0x0000000020000009        0x3 
 .data._impure_data
                0x000000002000000c       0x4c C:/ST/STM32CubeIDE_1.13.0/STM32CubeIDE/plugins/com.st.stm32cube.ide.mcu.externaltools.gnu-tools-for-stm32.11.3.rel1.win32_1.1.0.202305231506/tools/bin/../lib/gcc/arm-none-eabi/11.3.1/../../../../arm-none-eabi/lib/thumb/v7e-m+fp/hard\libc_nano.a(libc_a-impure.o)
                0x000000002000000c                _impure_data
 .data._impure_ptr
                0x0000000020000058        0x4 C:/ST/STM32CubeIDE_1.13.0/STM32CubeIDE/plugins/com.st.stm32cube.ide.mcu.externaltools.gnu-tools-for-stm32.11.3.rel1.win32_1.1.0.202305231506/tools/bin/../lib/gcc/arm-none-eabi/11.3.1/../../../../arm-none-eabi/lib/thumb/v7e-m+fp/hard\libc_nano.a(libc_a-impure.o)
                0x0000000020000058                _impure_ptr
 *(.RamFunc)
 *(.RamFunc*)
                0x000000002000005c                . = ALIGN (0x4)
                0x000000002000005c                _edata = .

.igot.plt       0x000000002000005c        0x0 load address 0x00000000080069b8
 .igot.plt      0x000000002000005c        0x0 C:/ST/STM32CubeIDE_1.13.0/STM32CubeIDE/plugins/com.st.stm32cube.ide.mcu.externaltools.gnu-tools-for-stm32.11.3.rel1.win32_1.1.0.202305231506/tools/bin/../lib/gcc/arm-none-eabi/11.3.1/thumb/v7e-m+fp/hard/crtbegin.o
                0x000000002000005c                . = ALIGN (0x4)

.bss            0x0000000020000060      0x3f0 load address 0x00000000080069b8
                0x0000000020000060                _sbss = .
                0x0000000020000060                __bss_start__ = _sbss
 *(.bss)
 .bss           0x0000000020000060       0x1c C:/ST/STM32CubeIDE_1.13.0/STM32CubeIDE/plugins/com.st.stm32cube.ide.mcu.externaltools.gnu-tools-for-stm32.11.3.rel1.win32_1.1.0.202305231506/tools/bin/../lib/gcc/arm-none-eabi/11.3.1/thumb/v7e-m+fp/hard/crtbegin.o
 *(.bss*)
 .bss.hspi1     0x000000002000007c       0x64 ./Core/Src/main.o
                0x000000002000007c                hspi1
 .bss.htim1     0x00000000200000e0       0x4c ./Core/Src/main.o
                0x00000000200000e0                htim1
 .bss.huart2    0x000000002000012c       0x88 ./Core/Src/main.o
                0x000000002000012c                huart2
 *fill*         0x00000000200001b4        0x4 
 .bss.sx1280    0x00000000200001b8      0x148 ./Core/Src/main.o
                0x00000000200001b8                sx1280
 .bss.__sbrk_heap_end
                0x0000000020000300        0x4 ./Core/Src/sysmem.o
 .bss.uwTick    0x0000000020000304        0x4 ./Drivers/STM32L4xx_HAL_Driver/Src/stm32l4xx_hal.o
                0x0000000020000304                uwTick
 .bss.__malloc_free_list
                0x0000000020000308        0x4 C:/ST/STM32CubeIDE_1.13.0/STM32CubeIDE/plugins/com.st.stm32cube.ide.mcu.externaltools.gnu-tools-for-stm32.11.3.rel1.win32_1.1.0.202305231506/tools/bin/../lib/gcc/arm-none-eabi/11.3.1/../../../../arm-none-eabi/lib/thumb/v7e-m+fp/hard\libc_nano.a(libc_a-mallocr.o)
                0x0000000020000308                __malloc_free_list
 .bss.__malloc_sbrk_start
                0x000000002000030c        0x4 C:/ST/STM32CubeIDE_1.13.0/STM32CubeIDE/plugins/com.st.stm32cube.ide.mcu.externaltools.gnu-tools-for-stm32.11.3.rel1.win32_1.1.0.202305231506/tools/bin/../lib/gcc/arm-none-eabi/11.3.1/../../../../arm-none-eabi/lib/thumb/v7e-m+fp/hard\libc_nano.a(libc_a-mallocr.o)
                0x000000002000030c                __malloc_sbrk_start
 .bss.__sf      0x0000000020000310      0x138 C:/ST/STM32CubeIDE_1.13.0/STM32CubeIDE/plugins/com.st.stm32cube.ide.mcu.externaltools.gnu-tools-for-stm32.11.3.rel1.win32_1.1.0.202305231506/tools/bin/../lib/gcc/arm-none-eabi/11.3.1/../../../../arm-none-eabi/lib/thumb/v7e-m+fp/hard\libc_nano.a(libc_a-findfp.o)
                0x0000000020000310                __sf
 .bss.errno     0x0000000020000448        0x4 C:/ST/STM32CubeIDE_1.13.0/STM32CubeIDE/plugins/com.st.stm32cube.ide.mcu.externaltools.gnu-tools-for-stm32.11.3.rel1.win32_1.1.0.202305231506/tools/bin/../lib/gcc/arm-none-eabi/11.3.1/../../../../arm-none-eabi/lib/thumb/v7e-m+fp/hard\libc_nano.a(libc_a-reent.o)
                0x0000000020000448                errno
 .bss.__lock___malloc_recursive_mutex
                0x000000002000044c        0x1 C:/ST/STM32CubeIDE_1.13.0/STM32CubeIDE/plugins/com.st.stm32cube.ide.mcu.externaltools.gnu-tools-for-stm32.11.3.rel1.win32_1.1.0.202305231506/tools/bin/../lib/gcc/arm-none-eabi/11.3.1/../../../../arm-none-eabi/lib/thumb/v7e-m+fp/hard\libc_nano.a(libc_a-lock.o)
                0x000000002000044c                __lock___malloc_recursive_mutex
 *(COMMON)
                0x0000000020000450                . = ALIGN (0x4)
 *fill*         0x000000002000044d        0x3 
                0x0000000020000450                _ebss = .
                0x0000000020000450                __bss_end__ = _ebss

._user_heap_stack
                0x0000000020000450      0x600 load address 0x00000000080069b8
                0x0000000020000450                . = ALIGN (0x8)
                [!provide]                        PROVIDE (end = .)
                0x0000000020000450                PROVIDE (_end = .)
                0x0000000020000650                . = (. + _Min_Heap_Size)
 *fill*         0x0000000020000450      0x200 
                0x0000000020000a50                . = (. + _Min_Stack_Size)
 *fill*         0x0000000020000650      0x400 
                0x0000000020000a50                . = ALIGN (0x8)

/DISCARD/
 libc.a(*)
 libm.a(*)
 libgcc.a(*)

.ARM.attributes
                0x0000000000000000       0x30
 *(.ARM.attributes)
 .ARM.attributes
                0x0000000000000000       0x1e C:/ST/STM32CubeIDE_1.13.0/STM32CubeIDE/plugins/com.st.stm32cube.ide.mcu.externaltools.gnu-tools-for-stm32.11.3.rel1.win32_1.1.0.202305231506/tools/bin/../lib/gcc/arm-none-eabi/11.3.1/thumb/v7e-m+fp/hard/crti.o
 .ARM.attributes
                0x000000000000001e       0x34 C:/ST/STM32CubeIDE_1.13.0/STM32CubeIDE/plugins/com.st.stm32cube.ide.mcu.externaltools.gnu-tools-for-stm32.11.3.rel1.win32_1.1.0.202305231506/tools/bin/../lib/gcc/arm-none-eabi/11.3.1/thumb/v7e-m+fp/hard/crtbegin.o
 .ARM.attributes
                0x0000000000000052       0x34 ./Core/Src/SX128x.o
 .ARM.attributes
                0x0000000000000086       0x34 ./Core/Src/SX128x_OBJ.o
 .ARM.attributes
                0x00000000000000ba       0x34 ./Core/Src/SX128x_driver.o
 .ARM.attributes
                0x00000000000000ee       0x34 ./Core/Src/main.o
 .ARM.attributes
                0x0000000000000122       0x34 ./Core/Src/stm32l4xx_hal_msp.o
 .ARM.attributes
                0x0000000000000156       0x34 ./Core/Src/stm32l4xx_it.o
 .ARM.attributes
                0x000000000000018a       0x34 ./Core/Src/sysmem.o
 .ARM.attributes
                0x00000000000001be       0x34 ./Core/Src/system_stm32l4xx.o
 .ARM.attributes
                0x00000000000001f2       0x21 ./Core/Startup/startup_stm32l476rgtx.o
 .ARM.attributes
                0x0000000000000213       0x34 ./Drivers/STM32L4xx_HAL_Driver/Src/stm32l4xx_hal.o
 .ARM.attributes
                0x0000000000000247       0x34 ./Drivers/STM32L4xx_HAL_Driver/Src/stm32l4xx_hal_cortex.o
 .ARM.attributes
                0x000000000000027b       0x34 ./Drivers/STM32L4xx_HAL_Driver/Src/stm32l4xx_hal_gpio.o
 .ARM.attributes
                0x00000000000002af       0x34 ./Drivers/STM32L4xx_HAL_Driver/Src/stm32l4xx_hal_pwr_ex.o
 .ARM.attributes
                0x00000000000002e3       0x34 ./Drivers/STM32L4xx_HAL_Driver/Src/stm32l4xx_hal_rcc.o
 .ARM.attributes
                0x0000000000000317       0x34 ./Drivers/STM32L4xx_HAL_Driver/Src/stm32l4xx_hal_rcc_ex.o
 .ARM.attributes
                0x000000000000034b       0x34 ./Drivers/STM32L4xx_HAL_Driver/Src/stm32l4xx_hal_spi.o
 .ARM.attributes
                0x000000000000037f       0x34 ./Drivers/STM32L4xx_HAL_Driver/Src/stm32l4xx_hal_tim.o
 .ARM.attributes
                0x00000000000003b3       0x34 ./Drivers/STM32L4xx_HAL_Driver/Src/stm32l4xx_hal_tim_ex.o
 .ARM.attributes
                0x00000000000003e7       0x34 ./Drivers/STM32L4xx_HAL_Driver/Src/stm32l4xx_hal_uart.o
 .ARM.attributes
                0x000000000000041b       0x34 C:/ST/STM32CubeIDE_1.13.0/STM32CubeIDE/plugins/com.st.stm32cube.ide.mcu.externaltools.gnu-tools-for-stm32.11.3.rel1.win32_1.1.0.202305231506/tools/bin/../lib/gcc/arm-none-eabi/11.3.1/../../../../arm-none-eabi/lib/thumb/v7e-m+fp/hard\libstdc++_nano.a(del_ops.o)
 .ARM.attributes
                0x000000000000044f       0x34 C:/ST/STM32CubeIDE_1.13.0/STM32CubeIDE/plugins/com.st.stm32cube.ide.mcu.externaltools.gnu-tools-for-stm32.11.3.rel1.win32_1.1.0.202305231506/tools/bin/../lib/gcc/arm-none-eabi/11.3.1/../../../../arm-none-eabi/lib/thumb/v7e-m+fp/hard\libstdc++_nano.a(del_op.o)
 .ARM.attributes
                0x0000000000000483       0x34 C:/ST/STM32CubeIDE_1.13.0/STM32CubeIDE/plugins/com.st.stm32cube.ide.mcu.externaltools.gnu-tools-for-stm32.11.3.rel1.win32_1.1.0.202305231506/tools/bin/../lib/gcc/arm-none-eabi/11.3.1/../../../../arm-none-eabi/lib/thumb/v7e-m+fp/hard\libc_nano.a(libc_a-malloc.o)
 .ARM.attributes
                0x00000000000004b7       0x34 C:/ST/STM32CubeIDE_1.13.0/STM32CubeIDE/plugins/com.st.stm32cube.ide.mcu.externaltools.gnu-tools-for-stm32.11.3.rel1.win32_1.1.0.202305231506/tools/bin/../lib/gcc/arm-none-eabi/11.3.1/../../../../arm-none-eabi/lib/thumb/v7e-m+fp/hard\libc_nano.a(libc_a-mallocr.o)
 .ARM.attributes
                0x00000000000004eb       0x34 C:/ST/STM32CubeIDE_1.13.0/STM32CubeIDE/plugins/com.st.stm32cube.ide.mcu.externaltools.gnu-tools-for-stm32.11.3.rel1.win32_1.1.0.202305231506/tools/bin/../lib/gcc/arm-none-eabi/11.3.1/../../../../arm-none-eabi/lib/thumb/v7e-m+fp/hard\libc_nano.a(libc_a-mlock.o)
 .ARM.attributes
                0x000000000000051f       0x34 C:/ST/STM32CubeIDE_1.13.0/STM32CubeIDE/plugins/com.st.stm32cube.ide.mcu.externaltools.gnu-tools-for-stm32.11.3.rel1.win32_1.1.0.202305231506/tools/bin/../lib/gcc/arm-none-eabi/11.3.1/../../../../arm-none-eabi/lib/thumb/v7e-m+fp/hard\libc_nano.a(libc_a-findfp.o)
 .ARM.attributes
                0x0000000000000553       0x34 C:/ST/STM32CubeIDE_1.13.0/STM32CubeIDE/plugins/com.st.stm32cube.ide.mcu.externaltools.gnu-tools-for-stm32.11.3.rel1.win32_1.1.0.202305231506/tools/bin/../lib/gcc/arm-none-eabi/11.3.1/../../../../arm-none-eabi/lib/thumb/v7e-m+fp/hard\libc_nano.a(libc_a-sprintf.o)
 .ARM.attributes
                0x0000000000000587       0x34 C:/ST/STM32CubeIDE_1.13.0/STM32CubeIDE/plugins/com.st.stm32cube.ide.mcu.externaltools.gnu-tools-for-stm32.11.3.rel1.win32_1.1.0.202305231506/tools/bin/../lib/gcc/arm-none-eabi/11.3.1/../../../../arm-none-eabi/lib/thumb/v7e-m+fp/hard\libc_nano.a(libc_a-memset.o)
 .ARM.attributes
                0x00000000000005bb       0x34 C:/ST/STM32CubeIDE_1.13.0/STM32CubeIDE/plugins/com.st.stm32cube.ide.mcu.externaltools.gnu-tools-for-stm32.11.3.rel1.win32_1.1.0.202305231506/tools/bin/../lib/gcc/arm-none-eabi/11.3.1/../../../../arm-none-eabi/lib/thumb/v7e-m+fp/hard\libc_nano.a(libc_a-reent.o)
 .ARM.attributes
                0x00000000000005ef       0x34 C:/ST/STM32CubeIDE_1.13.0/STM32CubeIDE/plugins/com.st.stm32cube.ide.mcu.externaltools.gnu-tools-for-stm32.11.3.rel1.win32_1.1.0.202305231506/tools/bin/../lib/gcc/arm-none-eabi/11.3.1/../../../../arm-none-eabi/lib/thumb/v7e-m+fp/hard\libc_nano.a(libc_a-impure.o)
 .ARM.attributes
                0x0000000000000623       0x34 C:/ST/STM32CubeIDE_1.13.0/STM32CubeIDE/plugins/com.st.stm32cube.ide.mcu.externaltools.gnu-tools-for-stm32.11.3.rel1.win32_1.1.0.202305231506/tools/bin/../lib/gcc/arm-none-eabi/11.3.1/../../../../arm-none-eabi/lib/thumb/v7e-m+fp/hard\libc_nano.a(libc_a-sbrkr.o)
 .ARM.attributes
                0x0000000000000657       0x34 C:/ST/STM32CubeIDE_1.13.0/STM32CubeIDE/plugins/com.st.stm32cube.ide.mcu.externaltools.gnu-tools-for-stm32.11.3.rel1.win32_1.1.0.202305231506/tools/bin/../lib/gcc/arm-none-eabi/11.3.1/../../../../arm-none-eabi/lib/thumb/v7e-m+fp/hard\libc_nano.a(libc_a-errno.o)
 .ARM.attributes
                0x000000000000068b       0x34 C:/ST/STM32CubeIDE_1.13.0/STM32CubeIDE/plugins/com.st.stm32cube.ide.mcu.externaltools.gnu-tools-for-stm32.11.3.rel1.win32_1.1.0.202305231506/tools/bin/../lib/gcc/arm-none-eabi/11.3.1/../../../../arm-none-eabi/lib/thumb/v7e-m+fp/hard\libc_nano.a(libc_a-init.o)
 .ARM.attributes
                0x00000000000006bf       0x34 C:/ST/STM32CubeIDE_1.13.0/STM32CubeIDE/plugins/com.st.stm32cube.ide.mcu.externaltools.gnu-tools-for-stm32.11.3.rel1.win32_1.1.0.202305231506/tools/bin/../lib/gcc/arm-none-eabi/11.3.1/../../../../arm-none-eabi/lib/thumb/v7e-m+fp/hard\libc_nano.a(libc_a-lock.o)
 .ARM.attributes
                0x00000000000006f3       0x34 C:/ST/STM32CubeIDE_1.13.0/STM32CubeIDE/plugins/com.st.stm32cube.ide.mcu.externaltools.gnu-tools-for-stm32.11.3.rel1.win32_1.1.0.202305231506/tools/bin/../lib/gcc/arm-none-eabi/11.3.1/../../../../arm-none-eabi/lib/thumb/v7e-m+fp/hard\libc_nano.a(libc_a-memcpy-stub.o)
 .ARM.attributes
                0x0000000000000727       0x34 C:/ST/STM32CubeIDE_1.13.0/STM32CubeIDE/plugins/com.st.stm32cube.ide.mcu.externaltools.gnu-tools-for-stm32.11.3.rel1.win32_1.1.0.202305231506/tools/bin/../lib/gcc/arm-none-eabi/11.3.1/../../../../arm-none-eabi/lib/thumb/v7e-m+fp/hard\libc_nano.a(libc_a-freer.o)
 .ARM.attributes
                0x000000000000075b       0x34 C:/ST/STM32CubeIDE_1.13.0/STM32CubeIDE/plugins/com.st.stm32cube.ide.mcu.externaltools.gnu-tools-for-stm32.11.3.rel1.win32_1.1.0.202305231506/tools/bin/../lib/gcc/arm-none-eabi/11.3.1/../../../../arm-none-eabi/lib/thumb/v7e-m+fp/hard\libc_nano.a(libc_a-nano-svfprintf.o)
 .ARM.attributes
                0x000000000000078f       0x34 C:/ST/STM32CubeIDE_1.13.0/STM32CubeIDE/plugins/com.st.stm32cube.ide.mcu.externaltools.gnu-tools-for-stm32.11.3.rel1.win32_1.1.0.202305231506/tools/bin/../lib/gcc/arm-none-eabi/11.3.1/../../../../arm-none-eabi/lib/thumb/v7e-m+fp/hard\libc_nano.a(libc_a-nano-vfprintf_i.o)
 .ARM.attributes
                0x00000000000007c3       0x34 C:/ST/STM32CubeIDE_1.13.0/STM32CubeIDE/plugins/com.st.stm32cube.ide.mcu.externaltools.gnu-tools-for-stm32.11.3.rel1.win32_1.1.0.202305231506/tools/bin/../lib/gcc/arm-none-eabi/11.3.1/../../../../arm-none-eabi/lib/thumb/v7e-m+fp/hard\libc_nano.a(libc_a-memmove.o)
 .ARM.attributes
                0x00000000000007f7       0x1c C:/ST/STM32CubeIDE_1.13.0/STM32CubeIDE/plugins/com.st.stm32cube.ide.mcu.externaltools.gnu-tools-for-stm32.11.3.rel1.win32_1.1.0.202305231506/tools/bin/../lib/gcc/arm-none-eabi/11.3.1/../../../../arm-none-eabi/lib/thumb/v7e-m+fp/hard\libc_nano.a(libc_a-memchr.o)
 .ARM.attributes
                0x0000000000000813       0x34 C:/ST/STM32CubeIDE_1.13.0/STM32CubeIDE/plugins/com.st.stm32cube.ide.mcu.externaltools.gnu-tools-for-stm32.11.3.rel1.win32_1.1.0.202305231506/tools/bin/../lib/gcc/arm-none-eabi/11.3.1/../../../../arm-none-eabi/lib/thumb/v7e-m+fp/hard\libc_nano.a(libc_a-reallocr.o)
 .ARM.attributes
                0x0000000000000847       0x34 C:/ST/STM32CubeIDE_1.13.0/STM32CubeIDE/plugins/com.st.stm32cube.ide.mcu.externaltools.gnu-tools-for-stm32.11.3.rel1.win32_1.1.0.202305231506/tools/bin/../lib/gcc/arm-none-eabi/11.3.1/../../../../arm-none-eabi/lib/thumb/v7e-m+fp/hard\libc_nano.a(libc_a-msizer.o)
 .ARM.attributes
                0x000000000000087b       0x1e C:/ST/STM32CubeIDE_1.13.0/STM32CubeIDE/plugins/com.st.stm32cube.ide.mcu.externaltools.gnu-tools-for-stm32.11.3.rel1.win32_1.1.0.202305231506/tools/bin/../lib/gcc/arm-none-eabi/11.3.1/thumb/v7e-m+fp/hard\libgcc.a(_arm_addsubdf3.o)
 .ARM.attributes
                0x0000000000000899       0x1e C:/ST/STM32CubeIDE_1.13.0/STM32CubeIDE/plugins/com.st.stm32cube.ide.mcu.externaltools.gnu-tools-for-stm32.11.3.rel1.win32_1.1.0.202305231506/tools/bin/../lib/gcc/arm-none-eabi/11.3.1/thumb/v7e-m+fp/hard\libgcc.a(_arm_muldivdf3.o)
 .ARM.attributes
                0x00000000000008b7       0x1e C:/ST/STM32CubeIDE_1.13.0/STM32CubeIDE/plugins/com.st.stm32cube.ide.mcu.externaltools.gnu-tools-for-stm32.11.3.rel1.win32_1.1.0.202305231506/tools/bin/../lib/gcc/arm-none-eabi/11.3.1/thumb/v7e-m+fp/hard\libgcc.a(_arm_fixunsdfsi.o)
 .ARM.attributes
                0x00000000000008d5       0x1e C:/ST/STM32CubeIDE_1.13.0/STM32CubeIDE/plugins/com.st.stm32cube.ide.mcu.externaltools.gnu-tools-for-stm32.11.3.rel1.win32_1.1.0.202305231506/tools/bin/../lib/gcc/arm-none-eabi/11.3.1/thumb/v7e-m+fp/hard\libgcc.a(_aeabi_uldivmod.o)
 .ARM.attributes
                0x00000000000008f3       0x34 C:/ST/STM32CubeIDE_1.13.0/STM32CubeIDE/plugins/com.st.stm32cube.ide.mcu.externaltools.gnu-tools-for-stm32.11.3.rel1.win32_1.1.0.202305231506/tools/bin/../lib/gcc/arm-none-eabi/11.3.1/thumb/v7e-m+fp/hard\libgcc.a(_udivmoddi4.o)
 .ARM.attributes
                0x0000000000000927       0x1e C:/ST/STM32CubeIDE_1.13.0/STM32CubeIDE/plugins/com.st.stm32cube.ide.mcu.externaltools.gnu-tools-for-stm32.11.3.rel1.win32_1.1.0.202305231506/tools/bin/../lib/gcc/arm-none-eabi/11.3.1/thumb/v7e-m+fp/hard\libgcc.a(_dvmd_tls.o)
 .ARM.attributes
                0x0000000000000945       0x1e C:/ST/STM32CubeIDE_1.13.0/STM32CubeIDE/plugins/com.st.stm32cube.ide.mcu.externaltools.gnu-tools-for-stm32.11.3.rel1.win32_1.1.0.202305231506/tools/bin/../lib/gcc/arm-none-eabi/11.3.1/thumb/v7e-m+fp/hard/crtn.o
OUTPUT(SX1280_RX_L476.elf elf32-littlearm)
LOAD linker stubs
LOAD C:/ST/STM32CubeIDE_1.13.0/STM32CubeIDE/plugins/com.st.stm32cube.ide.mcu.externaltools.gnu-tools-for-stm32.11.3.rel1.win32_1.1.0.202305231506/tools/bin/../lib/gcc/arm-none-eabi/11.3.1/../../../../arm-none-eabi/lib/thumb/v7e-m+fp/hard\libc.a
LOAD C:/ST/STM32CubeIDE_1.13.0/STM32CubeIDE/plugins/com.st.stm32cube.ide.mcu.externaltools.gnu-tools-for-stm32.11.3.rel1.win32_1.1.0.202305231506/tools/bin/../lib/gcc/arm-none-eabi/11.3.1/../../../../arm-none-eabi/lib/thumb/v7e-m+fp/hard\libm.a
LOAD C:/ST/STM32CubeIDE_1.13.0/STM32CubeIDE/plugins/com.st.stm32cube.ide.mcu.externaltools.gnu-tools-for-stm32.11.3.rel1.win32_1.1.0.202305231506/tools/bin/../lib/gcc/arm-none-eabi/11.3.1/thumb/v7e-m+fp/hard\libgcc.a

.comment        0x0000000000000000       0x43
 .comment       0x0000000000000000       0x43 C:/ST/STM32CubeIDE_1.13.0/STM32CubeIDE/plugins/com.st.stm32cube.ide.mcu.externaltools.gnu-tools-for-stm32.11.3.rel1.win32_1.1.0.202305231506/tools/bin/../lib/gcc/arm-none-eabi/11.3.1/thumb/v7e-m+fp/hard/crtbegin.o
                                         0x44 (size before relaxing)
 .comment       0x0000000000000043       0x44 ./Core/Src/SX128x.o
 .comment       0x0000000000000043       0x44 ./Core/Src/SX128x_OBJ.o
 .comment       0x0000000000000043       0x44 ./Core/Src/SX128x_driver.o
 .comment       0x0000000000000043       0x44 ./Core/Src/main.o
 .comment       0x0000000000000043       0x44 ./Core/Src/stm32l4xx_hal_msp.o
 .comment       0x0000000000000043       0x44 ./Core/Src/stm32l4xx_it.o
 .comment       0x0000000000000043       0x44 ./Core/Src/sysmem.o
 .comment       0x0000000000000043       0x44 ./Core/Src/system_stm32l4xx.o
 .comment       0x0000000000000043       0x44 ./Drivers/STM32L4xx_HAL_Driver/Src/stm32l4xx_hal.o
 .comment       0x0000000000000043       0x44 ./Drivers/STM32L4xx_HAL_Driver/Src/stm32l4xx_hal_cortex.o
 .comment       0x0000000000000043       0x44 ./Drivers/STM32L4xx_HAL_Driver/Src/stm32l4xx_hal_gpio.o
 .comment       0x0000000000000043       0x44 ./Drivers/STM32L4xx_HAL_Driver/Src/stm32l4xx_hal_pwr_ex.o
 .comment       0x0000000000000043       0x44 ./Drivers/STM32L4xx_HAL_Driver/Src/stm32l4xx_hal_rcc.o
 .comment       0x0000000000000043       0x44 ./Drivers/STM32L4xx_HAL_Driver/Src/stm32l4xx_hal_rcc_ex.o
 .comment       0x0000000000000043       0x44 ./Drivers/STM32L4xx_HAL_Driver/Src/stm32l4xx_hal_spi.o
 .comment       0x0000000000000043       0x44 ./Drivers/STM32L4xx_HAL_Driver/Src/stm32l4xx_hal_tim.o
 .comment       0x0000000000000043       0x44 ./Drivers/STM32L4xx_HAL_Driver/Src/stm32l4xx_hal_tim_ex.o
 .comment       0x0000000000000043       0x44 ./Drivers/STM32L4xx_HAL_Driver/Src/stm32l4xx_hal_uart.o

.debug_info     0x0000000000000000    0x22575
 .debug_info    0x0000000000000000     0x5c46 ./Core/Src/SX128x.o
 .debug_info    0x0000000000005c46     0x44f6 ./Core/Src/SX128x_OBJ.o
 .debug_info    0x000000000000a13c     0x4820 ./Core/Src/SX128x_driver.o
 .debug_info    0x000000000000e95c     0x488f ./Core/Src/main.o
 .debug_info    0x00000000000131eb     0x1411 ./Core/Src/stm32l4xx_hal_msp.o
 .debug_info    0x00000000000145fc      0x113 ./Core/Src/stm32l4xx_it.o
 .debug_info    0x000000000001470f      0x168 ./Core/Src/sysmem.o
 .debug_info    0x0000000000014877      0x5b1 ./Core/Src/system_stm32l4xx.o
 .debug_info    0x0000000000014e28       0x23 ./Core/Startup/startup_stm32l476rgtx.o
 .debug_info    0x0000000000014e4b      0xc09 ./Drivers/STM32L4xx_HAL_Driver/Src/stm32l4xx_hal.o
 .debug_info    0x0000000000015a54      0xd4c ./Drivers/STM32L4xx_HAL_Driver/Src/stm32l4xx_hal_cortex.o
 .debug_info    0x00000000000167a0      0x757 ./Drivers/STM32L4xx_HAL_Driver/Src/stm32l4xx_hal_gpio.o
 .debug_info    0x0000000000016ef7      0x99e ./Drivers/STM32L4xx_HAL_Driver/Src/stm32l4xx_hal_pwr_ex.o
 .debug_info    0x0000000000017895      0xc14 ./Drivers/STM32L4xx_HAL_Driver/Src/stm32l4xx_hal_rcc.o
 .debug_info    0x00000000000184a9      0xe11 ./Drivers/STM32L4xx_HAL_Driver/Src/stm32l4xx_hal_rcc_ex.o
 .debug_info    0x00000000000192ba     0x161a ./Drivers/STM32L4xx_HAL_Driver/Src/stm32l4xx_hal_spi.o
 .debug_info    0x000000000001a8d4     0x2a9a ./Drivers/STM32L4xx_HAL_Driver/Src/stm32l4xx_hal_tim.o
 .debug_info    0x000000000001d36e     0x169e ./Drivers/STM32L4xx_HAL_Driver/Src/stm32l4xx_hal_tim_ex.o
 .debug_info    0x000000000001ea0c     0x3b69 ./Drivers/STM32L4xx_HAL_Driver/Src/stm32l4xx_hal_uart.o

.debug_abbrev   0x0000000000000000     0x3eb4
 .debug_abbrev  0x0000000000000000      0x8d3 ./Core/Src/SX128x.o
 .debug_abbrev  0x00000000000008d3      0x79d ./Core/Src/SX128x_OBJ.o
 .debug_abbrev  0x0000000000001070      0x89b ./Core/Src/SX128x_driver.o
 .debug_abbrev  0x000000000000190b      0x874 ./Core/Src/main.o
 .debug_abbrev  0x000000000000217f      0x206 ./Core/Src/stm32l4xx_hal_msp.o
 .debug_abbrev  0x0000000000002385       0x73 ./Core/Src/stm32l4xx_it.o
 .debug_abbrev  0x00000000000023f8       0xbc ./Core/Src/sysmem.o
 .debug_abbrev  0x00000000000024b4      0x11a ./Core/Src/system_stm32l4xx.o
 .debug_abbrev  0x00000000000025ce       0x12 ./Core/Startup/startup_stm32l476rgtx.o
 .debug_abbrev  0x00000000000025e0      0x243 ./Drivers/STM32L4xx_HAL_Driver/Src/stm32l4xx_hal.o
 .debug_abbrev  0x0000000000002823      0x327 ./Drivers/STM32L4xx_HAL_Driver/Src/stm32l4xx_hal_cortex.o
 .debug_abbrev  0x0000000000002b4a      0x1cb ./Drivers/STM32L4xx_HAL_Driver/Src/stm32l4xx_hal_gpio.o
 .debug_abbrev  0x0000000000002d15      0x1f9 ./Drivers/STM32L4xx_HAL_Driver/Src/stm32l4xx_hal_pwr_ex.o
 .debug_abbrev  0x0000000000002f0e      0x2cb ./Drivers/STM32L4xx_HAL_Driver/Src/stm32l4xx_hal_rcc.o
 .debug_abbrev  0x00000000000031d9      0x2a6 ./Drivers/STM32L4xx_HAL_Driver/Src/stm32l4xx_hal_rcc_ex.o
 .debug_abbrev  0x000000000000347f      0x26a ./Drivers/STM32L4xx_HAL_Driver/Src/stm32l4xx_hal_spi.o
 .debug_abbrev  0x00000000000036e9      0x278 ./Drivers/STM32L4xx_HAL_Driver/Src/stm32l4xx_hal_tim.o
 .debug_abbrev  0x0000000000003961      0x283 ./Drivers/STM32L4xx_HAL_Driver/Src/stm32l4xx_hal_tim_ex.o
 .debug_abbrev  0x0000000000003be4      0x2d0 ./Drivers/STM32L4xx_HAL_Driver/Src/stm32l4xx_hal_uart.o

.debug_aranges  0x0000000000000000     0x1418
 .debug_aranges
                0x0000000000000000      0x228 ./Core/Src/SX128x.o
 .debug_aranges
                0x0000000000000228       0xa8 ./Core/Src/SX128x_OBJ.o
 .debug_aranges
                0x00000000000002d0       0xb8 ./Core/Src/SX128x_driver.o
 .debug_aranges
                0x0000000000000388       0xc0 ./Core/Src/main.o
 .debug_aranges
                0x0000000000000448       0x50 ./Core/Src/stm32l4xx_hal_msp.o
 .debug_aranges
                0x0000000000000498       0x60 ./Core/Src/stm32l4xx_it.o
 .debug_aranges
                0x00000000000004f8       0x20 ./Core/Src/sysmem.o
 .debug_aranges
                0x0000000000000518       0x28 ./Core/Src/system_stm32l4xx.o
 .debug_aranges
                0x0000000000000540       0x28 ./Core/Startup/startup_stm32l476rgtx.o
 .debug_aranges
                0x0000000000000568      0x130 ./Drivers/STM32L4xx_HAL_Driver/Src/stm32l4xx_hal.o
 .debug_aranges
                0x0000000000000698      0x118 ./Drivers/STM32L4xx_HAL_Driver/Src/stm32l4xx_hal_cortex.o
 .debug_aranges
                0x00000000000007b0       0x58 ./Drivers/STM32L4xx_HAL_Driver/Src/stm32l4xx_hal_gpio.o
 .debug_aranges
                0x0000000000000808      0x160 ./Drivers/STM32L4xx_HAL_Driver/Src/stm32l4xx_hal_pwr_ex.o
 .debug_aranges
                0x0000000000000968       0x90 ./Drivers/STM32L4xx_HAL_Driver/Src/stm32l4xx_hal_rcc.o
 .debug_aranges
                0x00000000000009f8       0xc0 ./Drivers/STM32L4xx_HAL_Driver/Src/stm32l4xx_hal_rcc_ex.o
 .debug_aranges
                0x0000000000000ab8      0x1d8 ./Drivers/STM32L4xx_HAL_Driver/Src/stm32l4xx_hal_spi.o
 .debug_aranges
                0x0000000000000c90      0x3e0 ./Drivers/STM32L4xx_HAL_Driver/Src/stm32l4xx_hal_tim.o
 .debug_aranges
                0x0000000000001070      0x180 ./Drivers/STM32L4xx_HAL_Driver/Src/stm32l4xx_hal_tim_ex.o
 .debug_aranges
                0x00000000000011f0      0x228 ./Drivers/STM32L4xx_HAL_Driver/Src/stm32l4xx_hal_uart.o

.debug_rnglists
                0x0000000000000000      0xfa6
 .debug_rnglists
                0x0000000000000000      0x1a5 ./Core/Src/SX128x.o
 .debug_rnglists
                0x00000000000001a5       0x7f ./Core/Src/SX128x_OBJ.o
 .debug_rnglists
                0x0000000000000224       0x85 ./Core/Src/SX128x_driver.o
 .debug_rnglists
                0x00000000000002a9       0x90 ./Core/Src/main.o
 .debug_rnglists
                0x0000000000000339       0x39 ./Core/Src/stm32l4xx_hal_msp.o
 .debug_rnglists
                0x0000000000000372       0x43 ./Core/Src/stm32l4xx_it.o
 .debug_rnglists
                0x00000000000003b5       0x13 ./Core/Src/sysmem.o
 .debug_rnglists
                0x00000000000003c8       0x1a ./Core/Src/system_stm32l4xx.o
 .debug_rnglists
                0x00000000000003e2       0x19 ./Core/Startup/startup_stm32l476rgtx.o
 .debug_rnglists
                0x00000000000003fb       0xdf ./Drivers/STM32L4xx_HAL_Driver/Src/stm32l4xx_hal.o
 .debug_rnglists
                0x00000000000004da       0xce ./Drivers/STM32L4xx_HAL_Driver/Src/stm32l4xx_hal_cortex.o
 .debug_rnglists
                0x00000000000005a8       0x3f ./Drivers/STM32L4xx_HAL_Driver/Src/stm32l4xx_hal_gpio.o
 .debug_rnglists
                0x00000000000005e7      0x109 ./Drivers/STM32L4xx_HAL_Driver/Src/stm32l4xx_hal_pwr_ex.o
 .debug_rnglists
                0x00000000000006f0       0x6d ./Drivers/STM32L4xx_HAL_Driver/Src/stm32l4xx_hal_rcc.o
 .debug_rnglists
                0x000000000000075d       0x95 ./Drivers/STM32L4xx_HAL_Driver/Src/stm32l4xx_hal_rcc_ex.o
 .debug_rnglists
                0x00000000000007f2      0x178 ./Drivers/STM32L4xx_HAL_Driver/Src/stm32l4xx_hal_spi.o
 .debug_rnglists
                0x000000000000096a      0x328 ./Drivers/STM32L4xx_HAL_Driver/Src/stm32l4xx_hal_tim.o
 .debug_rnglists
                0x0000000000000c92      0x139 ./Drivers/STM32L4xx_HAL_Driver/Src/stm32l4xx_hal_tim_ex.o
 .debug_rnglists
                0x0000000000000dcb      0x1db ./Drivers/STM32L4xx_HAL_Driver/Src/stm32l4xx_hal_uart.o

.debug_macro    0x0000000000000000    0x2c17a
 .debug_macro   0x0000000000000000      0x70b ./Core/Src/SX128x.o
 .debug_macro   0x000000000000070b      0xb80 ./Core/Src/SX128x.o
 .debug_macro   0x000000000000128b      0x1ad ./Core/Src/SX128x.o
 .debug_macro   0x0000000000001438       0x2e ./Core/Src/SX128x.o
 .debug_macro   0x0000000000001466       0x28 ./Core/Src/SX128x.o
 .debug_macro   0x000000000000148e       0x1c ./Core/Src/SX128x.o
 .debug_macro   0x00000000000014aa       0x22 ./Core/Src/SX128x.o
 .debug_macro   0x00000000000014cc       0x8e ./Core/Src/SX128x.o
 .debug_macro   0x000000000000155a       0x51 ./Core/Src/SX128x.o
 .debug_macro   0x00000000000015ab      0x103 ./Core/Src/SX128x.o
 .debug_macro   0x00000000000016ae       0x6a ./Core/Src/SX128x.o
 .debug_macro   0x0000000000001718      0x1df ./Core/Src/SX128x.o
 .debug_macro   0x00000000000018f7       0x1c ./Core/Src/SX128x.o
 .debug_macro   0x0000000000001913       0x22 ./Core/Src/SX128x.o
 .debug_macro   0x0000000000001935       0xfb ./Core/Src/SX128x.o
 .debug_macro   0x0000000000001a30     0x1011 ./Core/Src/SX128x.o
 .debug_macro   0x0000000000002a41      0x11f ./Core/Src/SX128x.o
 .debug_macro   0x0000000000002b60    0x1a17a ./Core/Src/SX128x.o
 .debug_macro   0x000000000001ccda       0x6d ./Core/Src/SX128x.o
 .debug_macro   0x000000000001cd47     0x38e6 ./Core/Src/SX128x.o
 .debug_macro   0x000000000002062d      0x17b ./Core/Src/SX128x.o
 .debug_macro   0x00000000000207a8       0x5c ./Core/Src/SX128x.o
 .debug_macro   0x0000000000020804     0x159e ./Core/Src/SX128x.o
 .debug_macro   0x0000000000021da2      0x5a5 ./Core/Src/SX128x.o
 .debug_macro   0x0000000000022347      0x1b9 ./Core/Src/SX128x.o
 .debug_macro   0x0000000000022500      0x18b ./Core/Src/SX128x.o
 .debug_macro   0x000000000002268b      0x26b ./Core/Src/SX128x.o
 .debug_macro   0x00000000000228f6      0x23d ./Core/Src/SX128x.o
 .debug_macro   0x0000000000022b33      0x241 ./Core/Src/SX128x.o
 .debug_macro   0x0000000000022d74      0x37c ./Core/Src/SX128x.o
 .debug_macro   0x00000000000230f0       0xd6 ./Core/Src/SX128x.o
 .debug_macro   0x00000000000231c6      0x122 ./Core/Src/SX128x.o
 .debug_macro   0x00000000000232e8      0x3ef ./Core/Src/SX128x.o
 .debug_macro   0x00000000000236d7      0x2fe ./Core/Src/SX128x.o
 .debug_macro   0x00000000000239d5      0xa98 ./Core/Src/SX128x.o
 .debug_macro   0x000000000002446d      0x1e6 ./Core/Src/SX128x.o
 .debug_macro   0x0000000000024653      0x5cf ./Core/Src/SX128x.o
 .debug_macro   0x0000000000024c22       0x44 ./Core/Src/SX128x.o
 .debug_macro   0x0000000000024c66      0x330 ./Core/Src/SX128x.o
 .debug_macro   0x0000000000024f96       0x70 ./Core/Src/SX128x.o
 .debug_macro   0x0000000000025006      0x1b2 ./Core/Src/SX128x.o
 .debug_macro   0x00000000000251b8       0x10 ./Core/Src/SX128x.o
 .debug_macro   0x00000000000251c8      0x3ed ./Core/Src/SX128x.o
 .debug_macro   0x00000000000255b5       0x1c ./Core/Src/SX128x.o
 .debug_macro   0x00000000000255d1       0x18 ./Core/Src/SX128x.o
 .debug_macro   0x00000000000255e9       0x4f ./Core/Src/SX128x.o
 .debug_macro   0x0000000000025638       0x41 ./Core/Src/SX128x.o
 .debug_macro   0x0000000000025679       0x19 ./Core/Src/SX128x.o
 .debug_macro   0x0000000000025692       0x28 ./Core/Src/SX128x.o
 .debug_macro   0x00000000000256ba       0x2e ./Core/Src/SX128x.o
 .debug_macro   0x00000000000256e8       0x19 ./Core/Src/SX128x.o
 .debug_macro   0x0000000000025701       0x88 ./Core/Src/SX128x.o
 .debug_macro   0x0000000000025789       0x19 ./Core/Src/SX128x.o
 .debug_macro   0x00000000000257a2       0x11 ./Core/Src/SX128x.o
 .debug_macro   0x00000000000257b3       0x10 ./Core/Src/SX128x.o
 .debug_macro   0x00000000000257c3       0x20 ./Core/Src/SX128x.o
 .debug_macro   0x00000000000257e3       0x11 ./Core/Src/SX128x.o
 .debug_macro   0x00000000000257f4       0x11 ./Core/Src/SX128x.o
 .debug_macro   0x0000000000025805       0x61 ./Core/Src/SX128x.o
 .debug_macro   0x0000000000025866       0x2a ./Core/Src/SX128x.o
 .debug_macro   0x0000000000025890       0x43 ./Core/Src/SX128x.o
 .debug_macro   0x00000000000258d3       0x34 ./Core/Src/SX128x.o
 .debug_macro   0x0000000000025907       0x16 ./Core/Src/SX128x.o
 .debug_macro   0x000000000002591d       0x43 ./Core/Src/SX128x.o
 .debug_macro   0x0000000000025960       0x34 ./Core/Src/SX128x.o
 .debug_macro   0x0000000000025994       0x10 ./Core/Src/SX128x.o
 .debug_macro   0x00000000000259a4       0x58 ./Core/Src/SX128x.o
 .debug_macro   0x00000000000259fc       0x8e ./Core/Src/SX128x.o
 .debug_macro   0x0000000000025a8a       0x16 ./Core/Src/SX128x.o
 .debug_macro   0x0000000000025aa0      0x177 ./Core/Src/SX128x.o
 .debug_macro   0x0000000000025c17       0x1c ./Core/Src/SX128x.o
 .debug_macro   0x0000000000025c33       0x3c ./Core/Src/SX128x.o
 .debug_macro   0x0000000000025c6f      0x38c ./Core/Src/SX128x.o
 .debug_macro   0x0000000000025ffb       0x10 ./Core/Src/SX128x.o
 .debug_macro   0x000000000002600b       0x10 ./Core/Src/SX128x.o
 .debug_macro   0x000000000002601b       0x33 ./Core/Src/SX128x.o
 .debug_macro   0x000000000002604e      0x173 ./Core/Src/SX128x.o
 .debug_macro   0x00000000000261c1       0x10 ./Core/Src/SX128x.o
 .debug_macro   0x00000000000261d1       0x22 ./Core/Src/SX128x.o
 .debug_macro   0x00000000000261f3       0x11 ./Core/Src/SX128x.o
 .debug_macro   0x0000000000026204       0x2f ./Core/Src/SX128x.o
 .debug_macro   0x0000000000026233       0x16 ./Core/Src/SX128x.o
 .debug_macro   0x0000000000026249       0x10 ./Core/Src/SX128x.o
 .debug_macro   0x0000000000026259       0x10 ./Core/Src/SX128x.o
 .debug_macro   0x0000000000026269       0x11 ./Core/Src/SX128x.o
 .debug_macro   0x000000000002627a       0x46 ./Core/Src/SX128x.o
 .debug_macro   0x00000000000262c0       0x1f ./Core/Src/SX128x.o
 .debug_macro   0x00000000000262df       0x20 ./Core/Src/SX128x.o
 .debug_macro   0x00000000000262ff      0x194 ./Core/Src/SX128x.o
 .debug_macro   0x0000000000026493       0x10 ./Core/Src/SX128x.o
 .debug_macro   0x00000000000264a3       0x16 ./Core/Src/SX128x.o
 .debug_macro   0x00000000000264b9       0x35 ./Core/Src/SX128x.o
 .debug_macro   0x00000000000264ee       0x16 ./Core/Src/SX128x.o
 .debug_macro   0x0000000000026504       0x29 ./Core/Src/SX128x.o
 .debug_macro   0x000000000002652d       0x10 ./Core/Src/SX128x.o
 .debug_macro   0x000000000002653d      0x3c7 ./Core/Src/SX128x.o
 .debug_macro   0x0000000000026904       0x1c ./Core/Src/SX128x.o
 .debug_macro   0x0000000000026920       0x10 ./Core/Src/SX128x.o
 .debug_macro   0x0000000000026930       0x16 ./Core/Src/SX128x.o
 .debug_macro   0x0000000000026946      0x132 ./Core/Src/SX128x.o
 .debug_macro   0x0000000000026a78      0x11d ./Core/Src/SX128x.o
 .debug_macro   0x0000000000026b95       0xf0 ./Core/Src/SX128x.o
 .debug_macro   0x0000000000026c85       0x16 ./Core/Src/SX128x.o
 .debug_macro   0x0000000000026c9b       0x20 ./Core/Src/SX128x.o
 .debug_macro   0x0000000000026cbb       0x8e ./Core/Src/SX128x.o
 .debug_macro   0x0000000000026d49       0x10 ./Core/Src/SX128x.o
 .debug_macro   0x0000000000026d59       0x10 ./Core/Src/SX128x.o
 .debug_macro   0x0000000000026d69      0x460 ./Core/Src/SX128x.o
 .debug_macro   0x00000000000271c9       0x10 ./Core/Src/SX128x.o
 .debug_macro   0x00000000000271d9      0x719 ./Core/Src/SX128x_OBJ.o
 .debug_macro   0x00000000000278f2       0x1c ./Core/Src/SX128x_OBJ.o
 .debug_macro   0x000000000002790e      0x719 ./Core/Src/SX128x_driver.o
 .debug_macro   0x0000000000028027      0x720 ./Core/Src/main.o
 .debug_macro   0x0000000000028747       0x16 ./Core/Src/main.o
 .debug_macro   0x000000000002875d       0x16 ./Core/Src/main.o
 .debug_macro   0x0000000000028773      0x139 ./Core/Src/main.o
 .debug_macro   0x00000000000288ac       0x22 ./Core/Src/main.o
 .debug_macro   0x00000000000288ce       0x26 ./Core/Src/main.o
 .debug_macro   0x00000000000288f4      0x1e4 ./Core/Src/stm32l4xx_hal_msp.o
 .debug_macro   0x0000000000028ad8      0xaa8 ./Core/Src/stm32l4xx_hal_msp.o
 .debug_macro   0x0000000000029580     0x1011 ./Core/Src/stm32l4xx_hal_msp.o
 .debug_macro   0x000000000002a591      0x174 ./Core/Src/stm32l4xx_hal_msp.o
 .debug_macro   0x000000000002a705      0x1ee ./Core/Src/stm32l4xx_it.o