c:\st\stm32cubeide_1.12.1\stm32cubeide\plugins\com.st.stm32cube.ide.mcu.externaltools.gnu-tools-for-stm32.10.3-2021.10.win32_1.0.200.202301161003\tools\bin\../lib/gcc/arm-none-eabi/10.3.1/../../../../arm-none-eabi/include/c++/10.3.1/arm-none-eabi/thumb/v7e-m+fp/hard/bits/gthr-default.h:229:1:int __gthread_key_delete(__gthread_key_t)	16	static
c:\st\stm32cubeide_1.12.1\stm32cubeide\plugins\com.st.stm32cube.ide.mcu.externaltools.gnu-tools-for-stm32.10.3-2021.10.win32_1.0.200.202301161003\tools\arm-none-eabi\include\c++\10.3.1\bits\std_function.h:242:5:std::_Function_base::~_Function_base()	16	static
../Core/Src/main.cpp:74:5:int main()	128	static
../Core/Src/main.cpp:149:6:void SystemClock_Config()	88	static
../Core/Src/main.cpp:203:13:void MX_SPI2_Init()	8	static
../Core/Src/main.cpp:241:13:void MX_TIM1_Init()	32	static
../Core/Src/main.cpp:287:13:void MX_USART2_UART_Init()	8	static
../Core/Src/main.cpp:320:13:void MX_GPIO_Init()	48	static
../Core/Src/main.cpp:380:6:void Error_Handler()	4	static,ignoring_inline_asm
c:\st\stm32cubeide_1.12.1\stm32cubeide\plugins\com.st.stm32cube.ide.mcu.externaltools.gnu-tools-for-stm32.10.3-2021.10.win32_1.0.200.202301161003\tools\arm-none-eabi\include\c++\10.3.1\bits\std_function.h:303:11:std::function<void()>::~function()	16	static
c:\st\stm32cubeide_1.12.1\stm32cubeide\plugins\com.st.stm32cube.ide.mcu.externaltools.gnu-tools-for-stm32.10.3-2021.10.win32_1.0.200.202301161003\tools\arm-none-eabi\include\c++\10.3.1\bits\std_function.h:303:11:std::function<void(SX128x::IrqErrorCode_t)>::~function()	16	static
c:\st\stm32cubeide_1.12.1\stm32cubeide\plugins\com.st.stm32cube.ide.mcu.externaltools.gnu-tools-for-stm32.10.3-2021.10.win32_1.0.200.202301161003\tools\arm-none-eabi\include\c++\10.3.1\bits\std_function.h:303:11:std::function<void(SX128x::IrqRangingCode_t)>::~function()	16	static
c:\st\stm32cubeide_1.12.1\stm32cubeide\plugins\com.st.stm32cube.ide.mcu.externaltools.gnu-tools-for-stm32.10.3-2021.10.win32_1.0.200.202301161003\tools\arm-none-eabi\include\c++\10.3.1\bits\std_function.h:303:11:std::function<void(bool)>::~function()	16	static
../Core/Inc/SX128x.hpp:1056:9:SX128x::<unnamed struct>::~<constructor>()	16	static
../Core/Inc/SX128x.hpp:1071:10:SX128x::~SX128x()	16	static
../Core/Inc/SX128x.hpp:1071:10:virtual SX128x::~SX128x()	16	static
../Core/Inc/SX128x_OBJ.h:12:7:SX128x_OBJ::~SX128x_OBJ()	16	static
../Core/Inc/SX128x_OBJ.h:12:7:virtual SX128x_OBJ::~SX128x_OBJ()	16	static
../Core/Src/main.cpp:389:1:void __static_initialization_and_destruction_0(int, int)	16	static
../Core/Src/main.cpp:389:1:cpp)	8	static
../Core/Src/main.cpp:389:1:cpp)	8	static
