C:\ST\STM32CubeIDE_1.13.0\STM32CubeIDE\plugins\com.st.stm32cube.ide.mcu.externaltools.gnu-tools-for-stm32.11.3.rel1.win32_1.1.0.202305231506\tools\arm-none-eabi\include\c++\11.3.1\arm-none-eabi\thumb\v7e-m+fp\hard\bits\gthr-default.h:229:1:int __gthread_key_delete(__gthread_key_t)	16	static
C:\ST\STM32CubeIDE_1.13.0\STM32CubeIDE\plugins\com.st.stm32cube.ide.mcu.externaltools.gnu-tools-for-stm32.11.3.rel1.win32_1.1.0.202305231506\tools\bin/../lib/gcc/arm-none-eabi/11.3.1/../../../../arm-none-eabi/include/c++/11.3.1/bits/std_function.h:241:5:std::_Function_base::~_Function_base()	16	static
../Core/Src/main.cpp:76:5:int main()	160	static
../Core/Src/main.cpp:190:6:void SystemClock_Config()	96	static
../Core/Src/main.cpp:240:13:void MX_SPI1_Init()	8	static
../Core/Src/main.cpp:280:13:void MX_TIM1_Init()	40	static
../Core/Src/main.cpp:327:13:void MX_TIM2_Init()	40	static
../Core/Src/main.cpp:372:13:void MX_USART2_UART_Init()	8	static
../Core/Src/main.cpp:407:13:void MX_GPIO_Init()	48	static
../Core/Src/main.cpp:466:6:void HAL_SPI_TxRxCpltCallback(SPI_HandleTypeDef*)	16	static
../Core/Src/main.cpp:479:6:void Error_Handler()	4	static,ignoring_inline_asm
C:\ST\STM32CubeIDE_1.13.0\STM32CubeIDE\plugins\com.st.stm32cube.ide.mcu.externaltools.gnu-tools-for-stm32.11.3.rel1.win32_1.1.0.202305231506\tools\bin/../lib/gcc/arm-none-eabi/11.3.1/../../../../arm-none-eabi/include/c++/11.3.1/bits/std_function.h:334:11:std::function<void()>::~function()	16	static
C:\ST\STM32CubeIDE_1.13.0\STM32CubeIDE\plugins\com.st.stm32cube.ide.mcu.externaltools.gnu-tools-for-stm32.11.3.rel1.win32_1.1.0.202305231506\tools\bin/../lib/gcc/arm-none-eabi/11.3.1/../../../../arm-none-eabi/include/c++/11.3.1/bits/std_function.h:334:11:std::function<void(SX128x::IrqErrorCode_t)>::~function()	16	static
C:\ST\STM32CubeIDE_1.13.0\STM32CubeIDE\plugins\com.st.stm32cube.ide.mcu.externaltools.gnu-tools-for-stm32.11.3.rel1.win32_1.1.0.202305231506\tools\bin/../lib/gcc/arm-none-eabi/11.3.1/../../../../arm-none-eabi/include/c++/11.3.1/bits/std_function.h:334:11:std::function<void(SX128x::IrqRangingCode_t)>::~function()	16	static
C:\ST\STM32CubeIDE_1.13.0\STM32CubeIDE\plugins\com.st.stm32cube.ide.mcu.externaltools.gnu-tools-for-stm32.11.3.rel1.win32_1.1.0.202305231506\tools\bin/../lib/gcc/arm-none-eabi/11.3.1/../../../../arm-none-eabi/include/c++/11.3.1/bits/std_function.h:334:11:std::function<void(bool)>::~function()	16	static
../Core/Inc/SX128x.hpp:1056:9:SX128x::<unnamed struct>::~<constructor>()	16	static
../Core/Inc/SX128x.hpp:1071:10:SX128x::~SX128x()	16	static
../Core/Inc/SX128x.hpp:1071:10:virtual SX128x::~SX128x()	16	static
../Core/Inc/SX128x_OBJ.h:15:7:SX128x_OBJ::~SX128x_OBJ()	16	static
../Core/Inc/SX128x_OBJ.h:15:7:virtual SX128x_OBJ::~SX128x_OBJ()	16	static
../Core/Src/main.cpp:488:1:void __static_initialization_and_destruction_0(int, int)	16	static
../Core/Src/main.cpp:488:1:cpp)	8	static
../Core/Src/main.cpp:488:1:cpp)	8	static
