C:\ST\STM32CubeIDE_1.13.0\STM32CubeIDE\plugins\com.st.stm32cube.ide.mcu.externaltools.gnu-tools-for-stm32.11.3.rel1.win32_1.1.0.202305231506\tools\arm-none-eabi\include\c++\11.3.1\arm-none-eabi\thumb\v7e-m+fp\hard\bits\gthr-default.h:229:1:int __gthread_key_delete(__gthread_key_t)	16	static
../Core/Src/stm32l4xx_it.cpp:71:6:void NMI_Handler()	4	static
../Core/Src/stm32l4xx_it.cpp:86:6:void HardFault_Handler()	4	static
../Core/Src/stm32l4xx_it.cpp:101:6:void MemManage_Handler()	4	static
../Core/Src/stm32l4xx_it.cpp:116:6:void BusFault_Handler()	4	static
../Core/Src/stm32l4xx_it.cpp:131:6:void UsageFault_Handler()	4	static
../Core/Src/stm32l4xx_it.cpp:146:6:void SVC_Handler()	4	static
../Core/Src/stm32l4xx_it.cpp:159:6:void DebugMon_Handler()	4	static
../Core/Src/stm32l4xx_it.cpp:172:6:void PendSV_Handler()	4	static
../Core/Src/stm32l4xx_it.cpp:185:6:void SysTick_Handler()	8	static
../Core/Src/stm32l4xx_it.cpp:206:6:void EXTI9_5_IRQHandler()	8	static
../Core/Src/stm32l4xx_it.cpp:220:6:void TIM2_IRQHandler()	8	static
../Core/Src/stm32l4xx_it.cpp:234:6:void SPI1_IRQHandler()	8	static
